Archive member included because of file (symbol)

contiki-z1.a(contiki-z1-plat)
                              obj_z1/contiki-z1-main.o (init_platform)
contiki-z1.a(msp430.o)        obj_z1/contiki-z1-main.o (splhigh_)
contiki-z1.a(leds.o)          obj_z1/contiki-z1-main.o (leds_init)
contiki-z1.a(watchdog.o)      obj_z1/contiki-z1-main.o (watchdog_start)
contiki-z1.a(xmem.o)          obj_z1/contiki-z1-main.o (xmem_init)
contiki-z1.a(spi.o)           contiki-z1.a(xmem.o) (spi_init)
contiki-z1.a(cc2420.o)        obj_z1/contiki-z1-main.o (cc2420_set_pan_addr)
contiki-z1.a(cc2420-arch.o)   contiki-z1.a(cc2420.o) (cc2420_arch_init)
contiki-z1.a(node-id.o)       obj_z1/contiki-z1-main.o (node_id_restore)
contiki-z1.a(sensors.o)       contiki-z1.a(contiki-z1-plat) (sensors_process)
contiki-z1.a(uart0.o)         obj_z1/contiki-z1-main.o (uart0_active)
contiki-z1.a(uart0-putchar.o)
                              udp-malicious-client-controller-aware-version-attack.co (putchar)
contiki-z1.a(z1-sensors.o)    contiki-z1.a(sensors.o) (sensors_flags)
contiki-z1.a(adxl345.o)       obj_z1/contiki-z1-main.o (adxl345)
contiki-z1.a(tmp102.o)        contiki-z1.a(z1-sensors.o) (tmp102)
contiki-z1.a(clock.o)         obj_z1/contiki-z1-main.o (clock_init)
contiki-z1.a(leds-arch.o)     contiki-z1.a(leds.o) (leds_arch_init)
contiki-z1.a(rtimer-arch.o)   obj_z1/contiki-z1-main.o (rtimer_arch_now)
contiki-z1.a(ctimer.o)        obj_z1/contiki-z1-main.o (ctimer_init)
contiki-z1.a(autostart.o)     obj_z1/contiki-z1-main.o (autostart_start)
contiki-z1.a(energest.o)      obj_z1/contiki-z1-main.o (energest_init)
contiki-z1.a(etimer.o)        contiki-z1.a(clock.o) (etimer_request_poll)
contiki-z1.a(process.o)       udp-malicious-client-controller-aware-version-attack.co (process_current)
contiki-z1.a(rtimer.o)        obj_z1/contiki-z1-main.o (rtimer_init)
contiki-z1.a(timer.o)         contiki-z1.a(adxl345.o) (timer_set)
contiki-z1.a(list.o)          contiki-z1.a(ctimer.o) (list_init)
contiki-z1.a(random.o)        obj_z1/contiki-z1-main.o (random_init)
contiki-z1.a(uip-icmp6.o)     udp-malicious-client-controller-aware-version-attack.co (uip_icmp6_register_input_handler)
contiki-z1.a(uip-ds6.o)       udp-malicious-client-controller-aware-version-attack.co (uip_ds6_if)
contiki-z1.a(uip-ds6-route.o)
                              contiki-z1.a(uip-ds6.o) (uip_ds6_route_init)
contiki-z1.a(uip6.o)          udp-malicious-client-controller-aware-version-attack.co (uip_aligned_buf)
contiki-z1.a(uip-ds6-nbr.o)   contiki-z1.a(uip-ds6.o) (uip_ds6_neighbors_init)
contiki-z1.a(uip-nd6.o)       contiki-z1.a(uip6.o) (uip_nd6_init)
contiki-z1.a(sicslowpan.o)    obj_z1/contiki-z1-main.o (sicslowpan_driver)
contiki-z1.a(uip-udp-packet.)
                              udp-malicious-client-controller-aware-version-attack.co (uip_udp_packet_sendto)
contiki-z1.a(tcpip.o)         contiki-z1.a(sicslowpan.o) (tcpip_set_outputfunc)
contiki-z1.a(uip-debug.o)     contiki-z1.a(uip-ds6-route.o) (uip_debug_ipaddr_print)
contiki-z1.a(rpl-timers.o)    udp-malicious-client-controller-aware-version-attack.co (rpl_reset_dio_timer)
contiki-z1.a(rpl-ext-header.)
                              contiki-z1.a(uip6.o) (rpl_verify_hbh_header)
contiki-z1.a(rpl.o)           udp-malicious-client-controller-aware-version-attack.co (rpl_get_mode)
contiki-z1.a(rpl-dag.o)       contiki-z1.a(rpl-timers.o) (rpl_parents)
contiki-z1.a(queuebuf.o)      obj_z1/contiki-z1-main.o (queuebuf_init)
contiki-z1.a(nbr-table.o)     contiki-z1.a(uip-ds6-route.o) (nbr_table_register)
contiki-z1.a(packetbuf.o)     contiki-z1.a(cc2420.o) (packetbuf_set_datalen)
contiki-z1.a(linkaddr.o)      obj_z1/contiki-z1-main.o (linkaddr_copy)
contiki-z1.a(link-stats.o)    contiki-z1.a(rpl-dag.o) (link_stats_from_lladdr)
contiki-z1.a(framer-802154.o)
                              contiki-z1.a(sicslowpan.o) (framer_802154)
contiki-z1.a(csma.o)          udp-malicious-client-controller-aware-version-attack.co (csma_driver)
contiki-z1.a(frame802154.o)   contiki-z1.a(framer-802154.o) (frame802154_get_pan_id)
contiki-z1.a(mac.o)           contiki-z1.a(csma.o) (mac_call_sent_callback)
contiki-z1.a(nullrdc.o)       obj_z1/contiki-z1-main.o (nullrdc_driver)
contiki-z1.a(nullsec.o)       obj_z1/contiki-z1-main.o (nullsec_driver)
contiki-z1.a(i2cmaster.o)     contiki-z1.a(adxl345.o) (i2c_receiveinit)
contiki-z1.a(button-sensor.o)
                              contiki-z1.a(z1-sensors.o) (button_sensor)
contiki-z1.a(stimer.o)        contiki-z1.a(uip-ds6.o) (stimer_set)
contiki-z1.a(memb.o)          contiki-z1.a(uip-ds6-route.o) (memb_init)
contiki-z1.a(rpl-nbr-policy.)
                              contiki-z1.a(nbr-table.o) (rpl_nbr_policy_find_removable)
contiki-z1.a(rpl-mrhof.o)     contiki-z1.a(rpl-dag.o) (rpl_mrhof)
contiki-z1.a(mac-sequence.o)  contiki-z1.a(nullrdc.o) (mac_sequence_is_duplicate)
/opt/msp430-47-expr/bin/../lib/gcc/msp430/4.7.0/mcpu-430x/mmpy-16/msr20/mc20/libgcc.a(_mulsi3.o)
[...]
Memory Configuration

Name             Origin             Length             Attributes
sfr              0x0000000000000000 0x0000000000000010
peripheral_8bit  0x0000000000000010 0x00000000000000f0
peripheral_16bit 0x0000000000000100 0x0000000000000100
ram_mirror       0x0000000000000200 0x0000000000000800 xw
infomem          0x0000000000001000 0x0000000000000100
infod            0x0000000000001000 0x0000000000000040
infoc            0x0000000000001040 0x0000000000000040
infob            0x0000000000001080 0x0000000000000040
infoa            0x00000000000010c0 0x0000000000000040
ram              0x0000000000001100 0x0000000000002000 xw
rom              0x0000000000003100 0x000000000000cebe xr
vectors          0x000000000000ffc0 0x0000000000000040
far_rom          0x0000000000010000 0x000000000000a000
bsl              0x0000000000000000 0x0000000000000000
ram2             0x0000000000000000 0x0000000000000000 xw
usbram           0x0000000000000000 0x0000000000000000 xw
*default*        0x0000000000000000 0xffffffffffffffff

Linker script and memory map

LOAD /opt/msp430-47-expr/bin/../lib/gcc/msp430/4.7.0/mcpu-430x/mmpy-16/msr20/mc20/crt0ivtbl32.o
                0x0000000000000041                __P1SEL2 = 0x41
                0x0000000000000045                __P5SEL2 = 0x45
LOAD udp-malicious-client-controller-aware-version-attack.co
LOAD obj_z1/contiki-z1-main.o
LOAD contiki-z1.a
LOAD /opt/msp430-47-expr/bin/../lib/gcc/msp430/4.7.0/mcpu-430x/mmpy-16/msr20/mc20/libgcc.a
LOAD /opt/msp430-47-expr/bin/../lib/gcc/msp430/4.7.0/../../../../msp430/lib/mcpu-430x/mmpy-16/msr20/mc20/libc.a
LOAD /opt/msp430-47-expr/bin/../lib/gcc/msp430/4.7.0/mcpu-430x/mmpy-16/msr20/mc20/libgcc.a
LOAD /opt/msp430-47-expr/bin/../lib/gcc/msp430/4.7.0/mcpu-430x/mmpy-16/msr20/mc20/libcrt0.a
                0x0000000000000040                PROVIDE (__info_segment_size, 0x40)
                0x0000000000001000                PROVIDE (__infod, 0x1000)
                0x0000000000001040                PROVIDE (__infoc, 0x1040)
                0x0000000000001080                PROVIDE (__infob, 0x1080)
                0x00000000000010c0                PROVIDE (__infoa, 0x10c0)
                0x0000000000000000                __IE1 = 0x0
                0x0000000000000002                __IFG1 = 0x2
                0x0000000000000001                __IE2 = 0x1
                0x0000000000000003                __IFG2 = 0x3
                0x0000000000000006                __UC1IE = 0x6
                0x0000000000000007                __UC1IFG = 0x7
                0x00000000000001a0                __ADC12CTL0 = 0x1a0
                0x00000000000001a2                __ADC12CTL1 = 0x1a2
                0x00000000000001a4                __ADC12IFG = 0x1a4
                0x00000000000001a6                __ADC12IE = 0x1a6
                0x00000000000001a8                __ADC12IV = 0x1a8
                0x0000000000000140                __ADC12MEM0 = 0x140
                0x0000000000000142                __ADC12MEM1 = 0x142
                0x0000000000000144                __ADC12MEM2 = 0x144
                0x0000000000000146                __ADC12MEM3 = 0x146
                0x0000000000000148                __ADC12MEM4 = 0x148
                0x000000000000014a                __ADC12MEM5 = 0x14a
                0x000000000000014c                __ADC12MEM6 = 0x14c
                0x000000000000014e                __ADC12MEM7 = 0x14e
                0x0000000000000150                __ADC12MEM8 = 0x150
                0x0000000000000152                __ADC12MEM9 = 0x152
                0x0000000000000154                __ADC12MEM10 = 0x154
                0x0000000000000156                __ADC12MEM11 = 0x156
                0x0000000000000158                __ADC12MEM12 = 0x158
                0x000000000000015a                __ADC12MEM13 = 0x15a
                0x000000000000015c                __ADC12MEM14 = 0x15c
                0x000000000000015e                __ADC12MEM15 = 0x15e
                0x0000000000000080                __ADC12MCTL0 = 0x80
                0x0000000000000081                __ADC12MCTL1 = 0x81
                0x0000000000000082                __ADC12MCTL2 = 0x82
                0x0000000000000083                __ADC12MCTL3 = 0x83
                0x0000000000000084                __ADC12MCTL4 = 0x84
                0x0000000000000085                __ADC12MCTL5 = 0x85
                0x0000000000000086                __ADC12MCTL6 = 0x86
                0x0000000000000087                __ADC12MCTL7 = 0x87
                0x0000000000000088                __ADC12MCTL8 = 0x88
                0x0000000000000089                __ADC12MCTL9 = 0x89
                0x000000000000008a                __ADC12MCTL10 = 0x8a
                0x000000000000008b                __ADC12MCTL11 = 0x8b
                0x000000000000008c                __ADC12MCTL12 = 0x8c
                0x000000000000008d                __ADC12MCTL13 = 0x8d
                0x000000000000008e                __ADC12MCTL14 = 0x8e
                0x000000000000008f                __ADC12MCTL15 = 0x8f
                0x0000000000000056                __DCOCTL = 0x56
                0x0000000000000057                __BCSCTL1 = 0x57
                0x0000000000000058                __BCSCTL2 = 0x58
                0x0000000000000053                __BCSCTL3 = 0x53
                0x0000000000000059                __CACTL1 = 0x59
                0x000000000000005a                __CACTL2 = 0x5a
                0x000000000000005b                __CAPD = 0x5b
                0x00000000000001c0                __DAC12_0CTL = 0x1c0
                0x00000000000001c2                __DAC12_1CTL = 0x1c2
                0x00000000000001c8                __DAC12_0DAT = 0x1c8
                0x00000000000001ca                __DAC12_1DAT = 0x1ca
                0x0000000000000122                __DMACTL0 = 0x122
                0x0000000000000124                __DMACTL1 = 0x124
                0x0000000000000126                __DMAIV = 0x126
                0x00000000000001d0                __DMA0CTL = 0x1d0
                0x00000000000001dc                __DMA1CTL = 0x1dc
                0x00000000000001e8                __DMA2CTL = 0x1e8
                0x00000000000001d2                __DMA0SA = 0x1d2
                0x00000000000001d2                __DMA0SAL = 0x1d2
                0x00000000000001d6                __DMA0DA = 0x1d6
                0x00000000000001d6                __DMA0DAL = 0x1d6
                0x00000000000001da                __DMA0SZ = 0x1da
                0x00000000000001de                __DMA1SA = 0x1de
                0x00000000000001de                __DMA1SAL = 0x1de
                0x00000000000001e2                __DMA1DA = 0x1e2
                0x00000000000001e2                __DMA1DAL = 0x1e2
                0x00000000000001e6                __DMA1SZ = 0x1e6
                0x00000000000001ea                __DMA2SA = 0x1ea
                0x00000000000001ea                __DMA2SAL = 0x1ea
                0x00000000000001ee                __DMA2DA = 0x1ee
                0x00000000000001ee                __DMA2DAL = 0x1ee
                0x00000000000001f2                __DMA2SZ = 0x1f2
                0x0000000000000128                __FCTL1 = 0x128
                0x000000000000012a                __FCTL2 = 0x12a
                0x000000000000012c                __FCTL3 = 0x12c
                0x00000000000001be                __FCTL4 = 0x1be
                0x0000000000000130                __MPY = 0x130
                0x0000000000000132                __MPYS = 0x132
                0x0000000000000134                __MAC = 0x134
                0x0000000000000136                __MACS = 0x136
                0x0000000000000138                __OP2 = 0x138
                0x000000000000013a                __RESLO = 0x13a
                0x000000000000013c                __RESHI = 0x13c
                0x000000000000013e                __SUMEXT = 0x13e
                0x0000000000000020                __P1IN = 0x20
                0x0000000000000021                __P1OUT = 0x21
                0x0000000000000022                __P1DIR = 0x22
                0x0000000000000023                __P1IFG = 0x23
                0x0000000000000024                __P1IES = 0x24
                0x0000000000000025                __P1IE = 0x25
                0x0000000000000026                __P1SEL = 0x26
                0x0000000000000027                __P1REN = 0x27
                0x0000000000000028                __P2IN = 0x28
                0x0000000000000029                __P2OUT = 0x29
                0x000000000000002a                __P2DIR = 0x2a
                0x000000000000002b                __P2IFG = 0x2b
                0x000000000000002c                __P2IES = 0x2c
                0x000000000000002d                __P2IE = 0x2d
                0x000000000000002e                __P2SEL = 0x2e
                0x000000000000002f                __P2REN = 0x2f
                0x0000000000000018                __P3IN = 0x18
                0x0000000000000019                __P3OUT = 0x19
                0x000000000000001a                __P3DIR = 0x1a
                0x000000000000001b                __P3SEL = 0x1b
                0x0000000000000010                __P3REN = 0x10
                0x000000000000001c                __P4IN = 0x1c
                0x000000000000001d                __P4OUT = 0x1d
                0x000000000000001e                __P4DIR = 0x1e
                0x000000000000001f                __P4SEL = 0x1f
                0x0000000000000011                __P4REN = 0x11
                0x0000000000000030                __P5IN = 0x30
                0x0000000000000031                __P5OUT = 0x31
                0x0000000000000032                __P5DIR = 0x32
                0x0000000000000033                __P5SEL = 0x33
                0x0000000000000012                __P5REN = 0x12
                0x0000000000000034                __P6IN = 0x34
                0x0000000000000035                __P6OUT = 0x35
                0x0000000000000036                __P6DIR = 0x36
                0x0000000000000037                __P6SEL = 0x37
                0x0000000000000013                __P6REN = 0x13
                0x0000000000000038                __P7IN = 0x38
                0x000000000000003a                __P7OUT = 0x3a
                0x000000000000003c                __P7DIR = 0x3c
                0x000000000000003e                __P7SEL = 0x3e
                0x0000000000000014                __P7REN = 0x14
                0x0000000000000039                __P8IN = 0x39
                0x000000000000003b                __P8OUT = 0x3b
                0x000000000000003d                __P8DIR = 0x3d
                0x000000000000003f                __P8SEL = 0x3f
                0x0000000000000015                __P8REN = 0x15
                0x0000000000000038                __PAIN = 0x38
                0x000000000000003a                __PAOUT = 0x3a
                0x000000000000003c                __PADIR = 0x3c
                0x000000000000003e                __PASEL = 0x3e
                0x0000000000000014                __PAREN = 0x14
                0x0000000000000055                __SVSCTL = 0x55
                0x000000000000012e                __TAIV = 0x12e
                0x0000000000000160                __TACTL = 0x160
                0x0000000000000162                __TACCTL0 = 0x162
                0x0000000000000164                __TACCTL1 = 0x164
                0x0000000000000166                __TACCTL2 = 0x166
                0x0000000000000170                __TAR = 0x170
                0x0000000000000172                __TACCR0 = 0x172
                0x0000000000000174                __TACCR1 = 0x174
                0x0000000000000176                __TACCR2 = 0x176
                0x000000000000011e                __TBIV = 0x11e
                0x0000000000000180                __TBCTL = 0x180
                0x0000000000000182                __TBCCTL0 = 0x182
                0x0000000000000184                __TBCCTL1 = 0x184
                0x0000000000000186                __TBCCTL2 = 0x186
                0x0000000000000188                __TBCCTL3 = 0x188
                0x000000000000018a                __TBCCTL4 = 0x18a
                0x000000000000018c                __TBCCTL5 = 0x18c
                0x000000000000018e                __TBCCTL6 = 0x18e
                0x0000000000000190                __TBR = 0x190
                0x0000000000000192                __TBCCR0 = 0x192
                0x0000000000000194                __TBCCR1 = 0x194
                0x0000000000000196                __TBCCR2 = 0x196
                0x0000000000000198                __TBCCR3 = 0x198
                0x000000000000019a                __TBCCR4 = 0x19a
                0x000000000000019c                __TBCCR5 = 0x19c
                0x000000000000019e                __TBCCR6 = 0x19e
                0x0000000000000060                __UCA0CTL0 = 0x60
                0x0000000000000061                __UCA0CTL1 = 0x61
                0x0000000000000062                __UCA0BR0 = 0x62
                0x0000000000000063                __UCA0BR1 = 0x63
                0x0000000000000064                __UCA0MCTL = 0x64
                0x0000000000000065                __UCA0STAT = 0x65
                0x0000000000000066                __UCA0RXBUF = 0x66
                0x0000000000000067                __UCA0TXBUF = 0x67
                0x000000000000005d                __UCA0ABCTL = 0x5d
                0x000000000000005e                __UCA0IRTCTL = 0x5e
                0x000000000000005f                __UCA0IRRCTL = 0x5f
                0x0000000000000068                __UCB0CTL0 = 0x68
                0x0000000000000069                __UCB0CTL1 = 0x69
                0x000000000000006a                __UCB0BR0 = 0x6a
                0x000000000000006b                __UCB0BR1 = 0x6b
                0x000000000000006c                __UCB0I2CIE = 0x6c
                0x000000000000006d                __UCB0STAT = 0x6d
                0x000000000000006e                __UCB0RXBUF = 0x6e
                0x000000000000006f                __UCB0TXBUF = 0x6f
                0x0000000000000118                __UCB0I2COA = 0x118
                0x000000000000011a                __UCB0I2CSA = 0x11a
                0x00000000000000d0                __UCA1CTL0 = 0xd0
                0x00000000000000d1                __UCA1CTL1 = 0xd1
                0x00000000000000d2                __UCA1BR0 = 0xd2
                0x00000000000000d3                __UCA1BR1 = 0xd3
                0x00000000000000d4                __UCA1MCTL = 0xd4
                0x00000000000000d5                __UCA1STAT = 0xd5
                0x00000000000000d6                __UCA1RXBUF = 0xd6
                0x00000000000000d7                __UCA1TXBUF = 0xd7
                0x00000000000000cd                __UCA1ABCTL = 0xcd
                0x00000000000000ce                __UCA1IRTCTL = 0xce
                0x00000000000000cf                __UCA1IRRCTL = 0xcf
                0x00000000000000d8                __UCB1CTL0 = 0xd8
                0x00000000000000d9                __UCB1CTL1 = 0xd9
                0x00000000000000da                __UCB1BR0 = 0xda
                0x00000000000000db                __UCB1BR1 = 0xdb
                0x00000000000000dc                __UCB1I2CIE = 0xdc
                0x00000000000000dd                __UCB1STAT = 0xdd
                0x00000000000000de                __UCB1RXBUF = 0xde
                0x00000000000000df                __UCB1TXBUF = 0xdf
                0x000000000000017c                __UCB1I2COA = 0x17c
                0x000000000000017e                __UCB1I2CSA = 0x17e
                0x0000000000000120                __WDTCTL = 0x120
                0x00000000000010c0                __TLV_CHECKSUM = 0x10c0
                0x00000000000010f6                __TLV_DCO_30_TAG = 0x10f6
                0x00000000000010f7                __TLV_DCO_30_LEN = 0x10f7
                0x00000000000010da                __TLV_ADC12_1_TAG = 0x10da
                0x00000000000010db                __TLV_ADC12_1_LEN = 0x10db
                0x00000000000010f8                __CALDCO_16MHZ = 0x10f8
                0x00000000000010f9                __CALBC1_16MHZ = 0x10f9
                0x00000000000010fa                __CALDCO_12MHZ = 0x10fa
                0x00000000000010fb                __CALBC1_12MHZ = 0x10fb
                0x00000000000010fc                __CALDCO_8MHZ = 0x10fc
                0x00000000000010fd                __CALBC1_8MHZ = 0x10fd
                0x00000000000010fe                __CALDCO_1MHZ = 0x10fe
                0x00000000000010ff                __CALBC1_1MHZ = 0x10ff

.hash
 *(.hash)

.dynsym
 *(.dynsym)

.dynstr
 *(.dynstr)

.gnu.version
 *(.gnu.version)

.gnu.version_d
 *(.gnu.version_d)

.gnu.version_r
 *(.gnu.version_r)

.rel.init
 *(.rel.init)

.rela.init
 *(.rela.init)

.rel.fini
 *(.rel.fini)

.rela.fini
 *(.rela.fini)

.rel.text
 *(.rel.text .rel.text.* .rel.gnu.linkonce.t.*)

.rela.text
 *(.rela.text .rela.text.* .rela.gnu.linkonce.t.*)

.rel.rodata
 *(.rel.rodata .rel.rodata.* .rel.gnu.linkonce.r.*)

.rela.rodata
 *(.rela.rodata .rela.rodata.* .rela.gnu.linkonce.r.*)

.rel.data
 *(.rel.data .rel.data.* .rel.gnu.linkonce.d.*)

.rela.data
 *(.rela.data .rela.data.* .rela.gnu.linkonce.d.*)

.rel.bss
 *(.rel.bss .rel.bss.* .rel.gnu.linkonce.b.*)

.rela.bss
 *(.rela.bss .rela.bss.* .rela.gnu.linkonce.b.*)

.rel.ctors
 *(.rel.ctors)

.rela.ctors
 *(.rela.ctors)

.rel.dtors
 *(.rel.dtors)

.rela.dtors
 *(.rela.dtors)

.rel.got
 *(.rel.got)

.rela.got
 *(.rela.got)

.rel.plt
 *(.rel.plt)

.rela.plt
 *(.rela.plt)

.text           0x0000000000003100     0xade8
                0x0000000000003100                . = ALIGN (0x2)
 *(.init .init.*)
 *(.init0)
 .init0         0x0000000000003100        0x0 /opt/msp430-47-expr/bin/../lib/gcc/msp430/4.7.0/mcpu-430x/mmpy-16/msr20/mc20/libcrt0.a(_reset_vector__.o)
                0x0000000000003100                _reset_vector__
 *(.init1)
 .init1         0x0000000000003100        0xc /opt/msp430-47-expr/bin/../lib/gcc/msp430/4.7.0/mcpu-430x/mmpy-16/msr20/mc20/libcrt0.a(__watchdog_support.o)
                0x0000000000003100                __watchdog_support
 *(.init2)
 .init2         0x000000000000310c        0x4 /opt/msp430-47-expr/bin/../lib/gcc/msp430/4.7.0/mcpu-430x/mmpy-16/msr20/mc20/libcrt0.a(__init_stack.o)
                0x000000000000310c                __init_stack
 *(.init3)
 .init3         0x0000000000003110        0x0 /opt/msp430-47-expr/bin/../lib/gcc/msp430/4.7.0/mcpu-430x/mmpy-16/msr20/mc20/libcrt0.a(__low_level_init.o)
                0x0000000000003110                __low_level_init
 *(.init4)
 .init4         0x0000000000003110       0x18 /opt/msp430-47-expr/bin/../lib/gcc/msp430/4.7.0/mcpu-430x/mmpy-16/msr20/mc20/libcrt0.a(_copy_data.o)
                0x0000000000003110                __do_copy_data
 .init4         0x0000000000003128       0x16 /opt/msp430-47-expr/bin/../lib/gcc/msp430/4.7.0/mcpu-430x/mmpy-16/msr20/mc20/libcrt0.a(_clear_bss.o)
                0x0000000000003128                __do_clear_bss
 *(.init5)
 *(.init6)
 *(.init7)
 *(.init8)
 *(.init9)
 .init9         0x000000000000313e      0x350 obj_z1/contiki-z1-main.o
                0x000000000000313e                main
 *(.fini9)
 .fini9         0x000000000000348e        0x0 /opt/msp430-47-expr/bin/../lib/gcc/msp430/4.7.0/mcpu-430x/mmpy-16/msr20/mc20/libcrt0.a(__stop_progExec__.o)
                0x000000000000348e                __stop_progExec__
 *(.fini8)
 *(.fini7)
 *(.fini6)
 *(.fini5)
 *(.fini4)
 *(.fini3)
 *(.fini2)
 *(.fini1)
 *(.fini0)
 .fini0         0x000000000000348e        0x6 /opt/msp430-47-expr/bin/../lib/gcc/msp430/4.7.0/mcpu-430x/mmpy-16/msr20/mc20/libcrt0.a(_endless_loop__.o)
                0x000000000000348e                _endless_loop__
 *(.fini .fini.*)
                0x0000000000003494                . = ALIGN (0x2)
                0x0000000000003494                __ctors_start = .
 *(.ctors)
                0x0000000000003494                __ctors_end = .
                0x0000000000003494                __dtors_start = .
 *(.dtors)
                0x0000000000003494                __dtors_end = .
                0x0000000000003494                . = ALIGN (0x2)
 *(.text .text.* .gnu.linkonce.t.*)
 .text          0x0000000000003494        0x4 /opt/msp430-47-expr/bin/../lib/gcc/msp430/4.7.0/mcpu-430x/mmpy-16/msr20/mc20/crt0ivtbl32.o
                0x0000000000003494                __isr_14
                0x0000000000003494                __isr_4
                0x0000000000003494                __isr_29
                0x0000000000003494                __isr_11
                0x0000000000003494                __isr_5
                0x0000000000003494                __isr_2
                0x0000000000003494                __isr_10
                0x0000000000003494                __isr_7
                0x0000000000003494                __isr_0
                0x0000000000003494                __isr_28
                0x0000000000003494                __isr_8
                0x0000000000003494                __isr_20
                0x0000000000003494                __isr_3
                0x0000000000003494                __isr_12
                0x0000000000003494                __isr_13
                0x0000000000003494                __isr_27
                0x0000000000003494                __isr_9
                0x0000000000003494                __isr_30
                0x0000000000003494                __isr_6
                0x0000000000003494                __isr_22
                0x0000000000003494                __isr_1
                0x0000000000003494                __isr_15
                0x0000000000003494                __isr_21
 .text.libgcc   0x0000000000003498       0x26 /opt/msp430-47-expr/bin/../lib/gcc/msp430/4.7.0/mcpu-430x/mmpy-16/msr20/mc20/libgcc.a(_mulsi3.o)
                0x0000000000003498                __mulsi3
 .text.libgcc   0x00000000000034be       0x22 /opt/msp430-47-expr/bin/../lib/gcc/msp430/4.7.0/mcpu-430x/mmpy-16/msr20/mc20/libgcc.a(_udivmod16.o)
                0x00000000000034be                __udivhi3
                0x00000000000034be                __ext_udivmod16
                0x00000000000034d8                __umodhi3
 .text.libgcc   0x00000000000034e0       0x3a /opt/msp430-47-expr/bin/../lib/gcc/msp430/4.7.0/mcpu-430x/mmpy-16/msr20/mc20/libgcc.a(_divmod16.o)
                0x00000000000034e0                __ext_divmod16
                0x00000000000034e0                __divhi3
                0x0000000000003512                __modhi3
 .text.libgcc   0x000000000000351a       0x38 /opt/msp430-47-expr/bin/../lib/gcc/msp430/4.7.0/mcpu-430x/mmpy-16/msr20/mc20/libgcc.a(_udivmod32.o)
                0x000000000000351a                __udivsi3
                0x000000000000351a                __ext_udivmod32
                0x0000000000003548                __umodsi3
 .text.libgcc   0x0000000000003552       0x4c /opt/msp430-47-expr/bin/../lib/gcc/msp430/4.7.0/mcpu-430x/mmpy-16/msr20/mc20/libgcc.a(_divmod32.o)
                0x0000000000003552                __ext_divmod32
                0x0000000000003552                __divsi3
                0x0000000000003594                __modsi3
 .text.libgcc   0x000000000000359e       0xbc /opt/msp430-47-expr/bin/../lib/gcc/msp430/4.7.0/mcpu-430x/mmpy-16/msr20/mc20/libgcc.a(_udivmod64.o)
                0x000000000000359e                __xabi_udivmod64
                0x00000000000035f0                __udivdi3
                0x000000000000360a                __umoddi3
                0x000000000000362c                __udivmoddi4
 .text.crt0     0x000000000000365a        0x2 /opt/msp430-47-expr/bin/../lib/gcc/msp430/4.7.0/mcpu-430x/mmpy-16/msr20/mc20/libcrt0.a(_unexpected_.o)
                0x000000000000365a                _unexpected_
 *(.near.text .near.text.*)
 .near.text.watchdog_interrupt
                0x000000000000365c        0x6 contiki-z1.a(watchdog.o)
                0x000000000000365c                __isr_26
                0x000000000000365c                watchdog_interrupt
 .near.text.uart0_rx_interrupt
                0x0000000000003662       0x64 contiki-z1.a(uart0.o)
                0x0000000000003662                __isr_23
                0x0000000000003662                uart0_rx_interrupt
 .near.text.port1_isr
                0x00000000000036c6       0xbe contiki-z1.a(adxl345.o)
                0x00000000000036c6                port1_isr
                0x00000000000036c6                __isr_18
 .near.text.timera1
                0x0000000000003784      0x10a contiki-z1.a(clock.o)
                0x0000000000003784                __isr_24
                0x0000000000003784                timera1
 .near.text.timera0
                0x000000000000388e       0x5c contiki-z1.a(rtimer-arch.o)
                0x000000000000388e                __isr_25
                0x000000000000388e                timera0
 .near.text.i2c_tx_interrupt
                0x00000000000038ea       0x84 contiki-z1.a(i2cmaster.o)
                0x00000000000038ea                __isr_16
                0x00000000000038ea                i2c_tx_interrupt
 .near.text.i2c_rx_interrupt
                0x000000000000396e       0x14 contiki-z1.a(i2cmaster.o)
                0x000000000000396e                i2c_rx_interrupt
                0x000000000000396e                __isr_17
 .near.text.irq_p2
                0x0000000000003982       0x76 contiki-z1.a(button-sensor.o)
                0x0000000000003982                irq_p2
                0x0000000000003982                __isr_19
 .any.text.get32
                0x00000000000039f8       0x3e udp-malicious-client-controller-aware-version-attack.co
 .any.text.set32
                0x0000000000003a36       0x2a udp-malicious-client-controller-aware-version-attack.co
 .any.text.get16
                0x0000000000003a60        0xe udp-malicious-client-controller-aware-version-attack.co
 .any.text.set16
                0x0000000000003a6e       0x10 udp-malicious-client-controller-aware-version-attack.co
 .any.text.dao_ack_input
                0x0000000000003a7e        0xa udp-malicious-client-controller-aware-version-attack.co
 .any.text.send_packet
                0x0000000000003a88       0x5a udp-malicious-client-controller-aware-version-attack.co
 .any.text.dio_input
                0x0000000000003ae2      0x280 udp-malicious-client-controller-aware-version-attack.co
 .any.text.rpl_icmp6_update_nbr_table
                0x0000000000003d62       0x28 udp-malicious-client-controller-aware-version-attack.co
                0x0000000000003d62                rpl_icmp6_update_nbr_table
 .any.text.dao_input
                0x0000000000003d8a      0x2c2 udp-malicious-client-controller-aware-version-attack.co
 .any.text.dis_output
                0x000000000000404c       0x50 udp-malicious-client-controller-aware-version-attack.co
                0x000000000000404c                dis_output
 .any.text.dio_output
                0x000000000000409c      0x27e udp-malicious-client-controller-aware-version-attack.co
                0x000000000000409c                dio_output
 .any.text.dis_input
                0x000000000000431a       0x3e udp-malicious-client-controller-aware-version-attack.co
 .any.text.dao_output_target
                0x0000000000004358       0xf6 udp-malicious-client-controller-aware-version-attack.co
                0x0000000000004358                dao_output_target
 .any.text.dao_output
                0x000000000000444e       0xc2 udp-malicious-client-controller-aware-version-attack.co
                0x000000000000444e                dao_output
 .any.text.rpl_icmp6_register_handlers
                0x0000000000004510       0x22 udp-malicious-client-controller-aware-version-attack.co
                0x0000000000004510                rpl_icmp6_register_handlers
 .any.text.process_thread_udp_client_process
                0x0000000000004532      0x3ba udp-malicious-client-controller-aware-version-attack.co
 .any.text.init_platform
                0x00000000000048ec        0xc contiki-z1.a(contiki-z1-plat)
                0x00000000000048ec                init_platform
 .any.text.msp430_init_dco
                0x00000000000048f8       0x28 contiki-z1.a(msp430.o)
                0x00000000000048f8                msp430_init_dco
 .any.text.splhigh_
                0x0000000000004920        0x8 contiki-z1.a(msp430.o)
                0x0000000000004920                splhigh_
 .any.text.msp430_sync_dco
                0x0000000000004928       0x6e contiki-z1.a(msp430.o)
                0x0000000000004928                msp430_sync_dco
 .any.text.msp430_cpu_init
                0x0000000000004996       0x2e contiki-z1.a(msp430.o)
                0x0000000000004996                msp430_cpu_init
 .any.text.show_leds
                0x00000000000049c4       0xe8 contiki-z1.a(leds.o)
 .any.text.leds_init
                0x0000000000004aac        0xa contiki-z1.a(leds.o)
                0x0000000000004aac                leds_init
 .any.text.leds_on
                0x0000000000004ab6        0xa contiki-z1.a(leds.o)
                0x0000000000004ab6                leds_on
 .any.text.leds_off
                0x0000000000004ac0        0xe contiki-z1.a(leds.o)
                0x0000000000004ac0                leds_off
 .any.text.watchdog_start
                0x0000000000004ace       0x14 contiki-z1.a(watchdog.o)
                0x0000000000004ace                watchdog_start
 .any.text.watchdog_periodic
                0x0000000000004ae2       0x12 contiki-z1.a(watchdog.o)
                0x0000000000004ae2                watchdog_periodic
 .any.text.watchdog_stop
                0x0000000000004af4       0x16 contiki-z1.a(watchdog.o)
                0x0000000000004af4                watchdog_stop
 .any.text.watchdog_init
                0x0000000000004b0a       0x12 contiki-z1.a(watchdog.o)
                0x0000000000004b0a                watchdog_init
 .any.text.wait_ready
                0x0000000000004b1c       0x46 contiki-z1.a(xmem.o)
 .any.text.xmem_init
                0x0000000000004b62       0x1e contiki-z1.a(xmem.o)
                0x0000000000004b62                xmem_init
 .any.text.xmem_pread
                0x0000000000004b80       0xc2 contiki-z1.a(xmem.o)
                0x0000000000004b80                xmem_pread
 .any.text.spi_init
                0x0000000000004c42       0x32 contiki-z1.a(spi.o)
                0x0000000000004c42                spi_init
 .any.text.get_object
                0x0000000000004c74        0x4 contiki-z1.a(cc2420.o)
 .any.text.set_object
                0x0000000000004c78        0x4 contiki-z1.a(cc2420.o)
 .any.text.strobe
                0x0000000000004c7c       0x1a contiki-z1.a(cc2420.o)
 .any.text.getreg
                0x0000000000004c96       0x46 contiki-z1.a(cc2420.o)
 .any.text.setreg
                0x0000000000004cdc       0x44 contiki-z1.a(cc2420.o)
 .any.text.write_ram
                0x0000000000004d20       0x72 contiki-z1.a(cc2420.o)
 .any.text.write_fifo_buf
                0x0000000000004d92       0x38 contiki-z1.a(cc2420.o)
 .any.text.get_status
                0x0000000000004dca       0x1e contiki-z1.a(cc2420.o)
 .any.text.set_txpower
                0x0000000000004de8       0x24 contiki-z1.a(cc2420.o)
 .any.text.cc2420_receiving_packet
                0x0000000000004e0c        0xa contiki-z1.a(cc2420.o)
 .any.text.pending_packet
                0x0000000000004e16        0xa contiki-z1.a(cc2420.o)
 .any.text.on   0x0000000000004e20       0x26 contiki-z1.a(cc2420.o)
 .any.text.wait_for_transmission
                0x0000000000004e46       0x22 contiki-z1.a(cc2420.o)
 .any.text.wait_for_status
                0x0000000000004e68       0x24 contiki-z1.a(cc2420.o)
 .any.text.getrxdata
                0x0000000000004e8c       0x4c contiki-z1.a(cc2420.o)
 .any.text.flushrx
                0x0000000000004ed8       0x1a contiki-z1.a(cc2420.o)
 .any.text.off  0x0000000000004ef2       0x5a contiki-z1.a(cc2420.o)
 .any.text.RELEASE_LOCK
                0x0000000000004f4c       0x28 contiki-z1.a(cc2420.o)
 .any.text.set_frame_filtering
                0x0000000000004f74       0x30 contiki-z1.a(cc2420.o)
 .any.text.set_auto_ack
                0x0000000000004fa4       0x30 contiki-z1.a(cc2420.o)
 .any.text.set_poll_mode
                0x0000000000004fd4       0x2c contiki-z1.a(cc2420.o)
 .any.text.cc2420_prepare
                0x0000000000005000       0x38 contiki-z1.a(cc2420.o)
 .any.text.cc2420_on
                0x0000000000005038       0x22 contiki-z1.a(cc2420.o)
                0x0000000000005038                cc2420_on
 .any.text.cc2420_off
                0x000000000000505a       0x30 contiki-z1.a(cc2420.o)
                0x000000000000505a                cc2420_off
 .any.text.cc2420_cca
                0x000000000000508a       0x54 contiki-z1.a(cc2420.o)
 .any.text.cc2420_read
                0x00000000000050de       0xb8 contiki-z1.a(cc2420.o)
 .any.text.process_thread_cc2420_process
                0x0000000000005196       0x5c contiki-z1.a(cc2420.o)
 .any.text.cc2420_set_channel
                0x00000000000051f2       0x3a contiki-z1.a(cc2420.o)
                0x00000000000051f2                cc2420_set_channel
 .any.text.cc2420_set_pan_addr
                0x000000000000522c       0x4c contiki-z1.a(cc2420.o)
                0x000000000000522c                cc2420_set_pan_addr
 .any.text.cc2420_interrupt
                0x0000000000005278       0x16 contiki-z1.a(cc2420.o)
                0x0000000000005278                cc2420_interrupt
 .any.text.cc2420_set_txpower
                0x000000000000528e        0xe contiki-z1.a(cc2420.o)
                0x000000000000528e                cc2420_set_txpower
 .any.text.cc2420_get_txpower
                0x000000000000529c       0x1e contiki-z1.a(cc2420.o)
                0x000000000000529c                cc2420_get_txpower
 .any.text.cc2420_transmit
                0x00000000000052ba      0x10e contiki-z1.a(cc2420.o)
 .any.text.cc2420_send
                0x00000000000053c8       0x12 contiki-z1.a(cc2420.o)
 .any.text.cc2420_rssi
                0x00000000000053da       0x48 contiki-z1.a(cc2420.o)
                0x00000000000053da                cc2420_rssi
 .any.text.get_value
                0x0000000000005422      0x104 contiki-z1.a(cc2420.o)
 .any.text.cc2420_set_cca_threshold
                0x0000000000005526       0x16 contiki-z1.a(cc2420.o)
                0x0000000000005526                cc2420_set_cca_threshold
 .any.text.set_value
                0x000000000000553c       0xb2 contiki-z1.a(cc2420.o)
 .any.text.cc2420_init
                0x00000000000055ee       0xea contiki-z1.a(cc2420.o)
                0x00000000000055ee                cc2420_init
 .any.text.cc2420_arch_init
                0x00000000000056d8       0x1a contiki-z1.a(cc2420-arch.o)
                0x00000000000056d8                cc2420_arch_init
 .any.text.node_id_restore
                0x00000000000056f2       0x4c contiki-z1.a(node-id.o)
                0x00000000000056f2                node_id_restore
 .any.text.process_thread_sensors_process
                0x000000000000573e       0xc2 contiki-z1.a(sensors.o)
 .any.text.sensors_changed
                0x0000000000005800       0x2a contiki-z1.a(sensors.o)
                0x0000000000005800                sensors_changed
 .any.text.uart0_active
                0x000000000000582a        0xe contiki-z1.a(uart0.o)
                0x000000000000582a                uart0_active
 .any.text.uart0_writeb
                0x0000000000005838       0x16 contiki-z1.a(uart0.o)
                0x0000000000005838                uart0_writeb
 .any.text.uart0_init
                0x000000000000584e       0x4e contiki-z1.a(uart0.o)
                0x000000000000584e                uart0_init
 .any.text.putchar
                0x000000000000589c       0x10 contiki-z1.a(uart0-putchar.o)
                0x000000000000589c                putchar
 .any.text.status
                0x00000000000058ac       0x12 contiki-z1.a(adxl345.o)
 .any.text.accm_write_reg
                0x00000000000058be       0x2e contiki-z1.a(adxl345.o)
 .any.text.accm_write_stream
                0x00000000000058ec       0x2a contiki-z1.a(adxl345.o)
 .any.text.accm_read_reg
                0x0000000000005916       0x54 contiki-z1.a(adxl345.o)
 .any.text.process_thread_accmeter_process
                0x000000000000596a       0x56 contiki-z1.a(adxl345.o)
 .any.text.accm_read_axis.part.0
                0x00000000000059c0       0x5a contiki-z1.a(adxl345.o)
 .any.text.value
                0x0000000000005a1a       0x1e contiki-z1.a(adxl345.o)
 .any.text.accm_init
                0x0000000000005a38       0x78 contiki-z1.a(adxl345.o)
                0x0000000000005a38                accm_init
 .any.text.accm_stop
                0x0000000000005ab0       0x32 contiki-z1.a(adxl345.o)
                0x0000000000005ab0                accm_stop
 .any.text.configure
                0x0000000000005ae2       0x26 contiki-z1.a(adxl345.o)
 .any.text.status
                0x0000000000005b08       0x12 contiki-z1.a(tmp102.o)
 .any.text.tmp102_init
                0x0000000000005b1a       0x24 contiki-z1.a(tmp102.o)
                0x0000000000005b1a                tmp102_init
 .any.text.tmp102_stop
                0x0000000000005b3e        0xa contiki-z1.a(tmp102.o)
                0x0000000000005b3e                tmp102_stop
 .any.text.configure
                0x0000000000005b48       0x26 contiki-z1.a(tmp102.o)
 .any.text.tmp102_read_reg
                0x0000000000005b6e       0x5e contiki-z1.a(tmp102.o)
                0x0000000000005b6e                tmp102_read_reg
 .any.text.tmp102_read_temp_x100
                0x0000000000005bcc       0x58 contiki-z1.a(tmp102.o)
                0x0000000000005bcc                tmp102_read_temp_x100
 .any.text.value
                0x0000000000005c24        0x6 contiki-z1.a(tmp102.o)
 .any.text.clock_time
                0x0000000000005c2a       0x1a contiki-z1.a(clock.o)
                0x0000000000005c2a                clock_time
 .any.text.clock_init
                0x0000000000005c44       0x28 contiki-z1.a(clock.o)
                0x0000000000005c44                clock_init
 .any.text.clock_delay
                0x0000000000005c6c        0xc contiki-z1.a(clock.o)
                0x0000000000005c6c                clock_delay
 .any.text.clock_wait
                0x0000000000005c78       0x24 contiki-z1.a(clock.o)
                0x0000000000005c78                clock_wait
 .any.text.clock_seconds
                0x0000000000005c9c       0x1a contiki-z1.a(clock.o)
                0x0000000000005c9c                clock_seconds
 .any.text.leds_arch_init
                0x0000000000005cb6        0xe contiki-z1.a(leds-arch.o)
                0x0000000000005cb6                leds_arch_init
 .any.text.leds_arch_set
                0x0000000000005cc4       0x38 contiki-z1.a(leds-arch.o)
                0x0000000000005cc4                leds_arch_set
 .any.text.rtimer_arch_init
                0x0000000000005cfc        0xe contiki-z1.a(rtimer-arch.o)
                0x0000000000005cfc                rtimer_arch_init
 .any.text.rtimer_arch_now
                0x0000000000005d0a        0xe contiki-z1.a(rtimer-arch.o)
                0x0000000000005d0a                rtimer_arch_now
 .any.text.rtimer_arch_schedule
                0x0000000000005d18        0x6 contiki-z1.a(rtimer-arch.o)
                0x0000000000005d18                rtimer_arch_schedule
 .any.text.process_thread_ctimer_process
                0x0000000000005d1e       0xa0 contiki-z1.a(ctimer.o)
 .any.text.ctimer_init
                0x0000000000005dbe       0x18 contiki-z1.a(ctimer.o)
                0x0000000000005dbe                ctimer_init
 .any.text.ctimer_set_with_process
                0x0000000000005dd6       0x4a contiki-z1.a(ctimer.o)
                0x0000000000005dd6                ctimer_set_with_process
 .any.text.ctimer_set
                0x0000000000005e20       0x10 contiki-z1.a(ctimer.o)
                0x0000000000005e20                ctimer_set
 .any.text.ctimer_reset
                0x0000000000005e30       0x2c contiki-z1.a(ctimer.o)
                0x0000000000005e30                ctimer_reset
 .any.text.ctimer_restart
                0x0000000000005e5c       0x2c contiki-z1.a(ctimer.o)
                0x0000000000005e5c                ctimer_restart
 .any.text.ctimer_stop
                0x0000000000005e88       0x28 contiki-z1.a(ctimer.o)
                0x0000000000005e88                ctimer_stop
 .any.text.autostart_start
                0x0000000000005eb0       0x16 contiki-z1.a(autostart.o)
                0x0000000000005eb0                autostart_start
 .any.text.energest_init
                0x0000000000005ec6       0x24 contiki-z1.a(energest.o)
                0x0000000000005ec6                energest_init
 .any.text.energest_type_time
                0x0000000000005eea       0x3c contiki-z1.a(energest.o)
                0x0000000000005eea                energest_type_time
 .any.text.energest_type_set
                0x0000000000005f26        0xc contiki-z1.a(energest.o)
                0x0000000000005f26                energest_type_set
 .any.text.energest_flush
                0x0000000000005f32       0x38 contiki-z1.a(energest.o)
                0x0000000000005f32                energest_flush
 .any.text.update_time
                0x0000000000005f6a       0x70 contiki-z1.a(etimer.o)
 .any.text.etimer_request_poll
                0x0000000000005fda        0xa contiki-z1.a(etimer.o)
                0x0000000000005fda                etimer_request_poll
 .any.text.process_thread_etimer_process
                0x0000000000005fe4       0xc4 contiki-z1.a(etimer.o)
 .any.text.add_timer
                0x00000000000060a8       0x40 contiki-z1.a(etimer.o)
 .any.text.etimer_set
                0x00000000000060e8       0x12 contiki-z1.a(etimer.o)
                0x00000000000060e8                etimer_set
 .any.text.etimer_reset
                0x00000000000060fa       0x12 contiki-z1.a(etimer.o)
                0x00000000000060fa                etimer_reset
 .any.text.etimer_restart
                0x000000000000610c       0x12 contiki-z1.a(etimer.o)
                0x000000000000610c                etimer_restart
 .any.text.etimer_expired
                0x000000000000611e        0xe contiki-z1.a(etimer.o)
                0x000000000000611e                etimer_expired
 .any.text.etimer_expiration_time
                0x000000000000612c       0x14 contiki-z1.a(etimer.o)
                0x000000000000612c                etimer_expiration_time
 .any.text.etimer_pending
                0x0000000000006140        0xc contiki-z1.a(etimer.o)
                0x0000000000006140                etimer_pending
 .any.text.etimer_next_expiration_time
                0x000000000000614c       0x16 contiki-z1.a(etimer.o)
                0x000000000000614c                etimer_next_expiration_time
 .any.text.etimer_stop
                0x0000000000006162       0x3e contiki-z1.a(etimer.o)
                0x0000000000006162                etimer_stop
 .any.text.call_process
                0x00000000000061a0       0x40 contiki-z1.a(process.o)
 .any.text.exit_process
                0x00000000000061e0       0x88 contiki-z1.a(process.o)
 .any.text.do_poll
                0x0000000000006268       0x30 contiki-z1.a(process.o)
 .any.text.process_alloc_event
                0x0000000000006298        0xe contiki-z1.a(process.o)
                0x0000000000006298                process_alloc_event
 .any.text.process_init
                0x00000000000062a6       0x1c contiki-z1.a(process.o)
                0x00000000000062a6                process_init
 .any.text.process_run
                0x00000000000062c2       0x8c contiki-z1.a(process.o)
                0x00000000000062c2                process_run
 .any.text.process_nevents
                0x000000000000634e        0xe contiki-z1.a(process.o)
                0x000000000000634e                process_nevents
 .any.text.process_post
                0x000000000000635c       0x4a contiki-z1.a(process.o)
                0x000000000000635c                process_post
 .any.text.process_post_synch
                0x00000000000063a6       0x12 contiki-z1.a(process.o)
                0x00000000000063a6                process_post_synch
 .any.text.process_start
                0x00000000000063b8       0x36 contiki-z1.a(process.o)
                0x00000000000063b8                process_start
 .any.text.process_poll
                0x00000000000063ee       0x18 contiki-z1.a(process.o)
                0x00000000000063ee                process_poll
 .any.text.rtimer_init
                0x0000000000006406        0x6 contiki-z1.a(rtimer.o)
                0x0000000000006406                rtimer_init
 .any.text.rtimer_run_next
                0x000000000000640c       0x26 contiki-z1.a(rtimer.o)
                0x000000000000640c                rtimer_run_next
 .any.text.timer_set
                0x0000000000006432       0x1c contiki-z1.a(timer.o)
                0x0000000000006432                timer_set
 .any.text.timer_reset
                0x000000000000644e        0xe contiki-z1.a(timer.o)
                0x000000000000644e                timer_reset
 .any.text.timer_restart
                0x000000000000645c       0x14 contiki-z1.a(timer.o)
                0x000000000000645c                timer_restart
 .any.text.timer_expired
                0x0000000000006470       0x2a contiki-z1.a(timer.o)
                0x0000000000006470                timer_expired
 .any.text.list_init
                0x000000000000649a        0x6 contiki-z1.a(list.o)
                0x000000000000649a                list_init
 .any.text.list_head
                0x00000000000064a0        0x4 contiki-z1.a(list.o)
                0x00000000000064a0                list_head
 .any.text.list_tail
                0x00000000000064a4       0x12 contiki-z1.a(list.o)
                0x00000000000064a4                list_tail
 .any.text.list_remove
                0x00000000000064b6       0x34 contiki-z1.a(list.o)
                0x00000000000064b6                list_remove
 .any.text.list_push
                0x00000000000064ea       0x16 contiki-z1.a(list.o)
                0x00000000000064ea                list_push
 .any.text.list_add
                0x0000000000006500       0x26 contiki-z1.a(list.o)
                0x0000000000006500                list_add
 .any.text.list_length
                0x0000000000006526       0x10 contiki-z1.a(list.o)
                0x0000000000006526                list_length
 .any.text.list_item_next
                0x0000000000006536        0xc contiki-z1.a(list.o)
                0x0000000000006536                list_item_next
 .any.text.random_init
                0x0000000000006542        0x6 contiki-z1.a(random.o)
                0x0000000000006542                random_init
 .any.text.random_rand
                0x0000000000006548        0x6 contiki-z1.a(random.o)
                0x0000000000006548                random_rand
 .any.text.echo_reply_input
                0x000000000000654e       0xaa contiki-z1.a(uip-icmp6.o)
 .any.text.echo_request_input
                0x00000000000065f8       0xce contiki-z1.a(uip-icmp6.o)
 .any.text.uip_icmp6_input
                0x00000000000066c6       0x44 contiki-z1.a(uip-icmp6.o)
                0x00000000000066c6                uip_icmp6_input
 .any.text.uip_icmp6_register_input_handler
                0x000000000000670a        0xc contiki-z1.a(uip-icmp6.o)
                0x000000000000670a                uip_icmp6_register_input_handler
 .any.text.uip_icmp6_error_output
                0x0000000000006716      0x172 contiki-z1.a(uip-icmp6.o)
                0x0000000000006716                uip_icmp6_error_output
 .any.text.uip_icmp6_send
                0x0000000000006888       0x90 contiki-z1.a(uip-icmp6.o)
                0x0000000000006888                uip_icmp6_send
 .any.text.uip_icmp6_init
                0x0000000000006918       0x12 contiki-z1.a(uip-icmp6.o)
                0x0000000000006918                uip_icmp6_init
 .any.text.uip_ds6_list_loop
                0x000000000000692a       0x66 contiki-z1.a(uip-ds6.o)
                0x000000000000692a                uip_ds6_list_loop
 .any.text.uip_ds6_prefix_add
                0x0000000000006990       0x70 contiki-z1.a(uip-ds6.o)
                0x0000000000006990                uip_ds6_prefix_add
 .any.text.uip_ds6_is_addr_onlink
                0x0000000000006a00       0x42 contiki-z1.a(uip-ds6.o)
                0x0000000000006a00                uip_ds6_is_addr_onlink
 .any.text.uip_ds6_addr_lookup
                0x0000000000006a42       0x2a contiki-z1.a(uip-ds6.o)
                0x0000000000006a42                uip_ds6_addr_lookup
 .any.text.uip_ds6_get_link_local
                0x0000000000006a6c       0x3e contiki-z1.a(uip-ds6.o)
                0x0000000000006a6c                uip_ds6_get_link_local
 .any.text.uip_ds6_maddr_add
                0x0000000000006aaa       0x48 contiki-z1.a(uip-ds6.o)
                0x0000000000006aaa                uip_ds6_maddr_add
 .any.text.uip_ds6_addr_add
                0x0000000000006af2       0xb4 contiki-z1.a(uip-ds6.o)
                0x0000000000006af2                uip_ds6_addr_add
 .any.text.uip_ds6_maddr_rm
                0x0000000000006ba6        0xa contiki-z1.a(uip-ds6.o)
                0x0000000000006ba6                uip_ds6_maddr_rm
 .any.text.uip_ds6_maddr_lookup
                0x0000000000006bb0       0x2a contiki-z1.a(uip-ds6.o)
                0x0000000000006bb0                uip_ds6_maddr_lookup
 .any.text.uip_ds6_addr_rm
                0x0000000000006bda       0x54 contiki-z1.a(uip-ds6.o)
                0x0000000000006bda                uip_ds6_addr_rm
 .any.text.uip_ds6_periodic
                0x0000000000006c2e       0x46 contiki-z1.a(uip-ds6.o)
                0x0000000000006c2e                uip_ds6_periodic
 .any.text.uip_ds6_set_addr_iid
                0x0000000000006c74       0x14 contiki-z1.a(uip-ds6.o)
                0x0000000000006c74                uip_ds6_set_addr_iid
 .any.text.get_match_length
                0x0000000000006c88       0x3c contiki-z1.a(uip-ds6.o)
                0x0000000000006c88                get_match_length
 .any.text.uip_ds6_select_src
                0x0000000000006cc4       0x9a contiki-z1.a(uip-ds6.o)
                0x0000000000006cc4                uip_ds6_select_src
 .any.text.uip_ds6_compute_reachable_time
                0x0000000000006d5e       0x36 contiki-z1.a(uip-ds6.o)
                0x0000000000006d5e                uip_ds6_compute_reachable_time
 .any.text.uip_ds6_init
                0x0000000000006d94      0x138 contiki-z1.a(uip-ds6.o)
                0x0000000000006d94                uip_ds6_init
 .any.text.call_route_callback
                0x0000000000006ecc       0x40 contiki-z1.a(uip-ds6-route.o)
 .any.text.uip_ds6_route_init
                0x0000000000006f0c       0x36 contiki-z1.a(uip-ds6-route.o)
                0x0000000000006f0c                uip_ds6_route_init
 .any.text.uip_ds6_route_nexthop
                0x0000000000006f42       0x1a contiki-z1.a(uip-ds6-route.o)
                0x0000000000006f42                uip_ds6_route_nexthop
 .any.text.uip_ds6_route_head
                0x0000000000006f5c        0xa contiki-z1.a(uip-ds6-route.o)
                0x0000000000006f5c                uip_ds6_route_head
 .any.text.uip_ds6_route_next
                0x0000000000006f66        0xe contiki-z1.a(uip-ds6-route.o)
                0x0000000000006f66                uip_ds6_route_next
 .any.text.uip_ds6_route_is_nexthop
                0x0000000000006f74       0x22 contiki-z1.a(uip-ds6-route.o)
                0x0000000000006f74                uip_ds6_route_is_nexthop
 .any.text.uip_ds6_route_lookup
                0x0000000000006f96       0x6e contiki-z1.a(uip-ds6-route.o)
                0x0000000000006f96                uip_ds6_route_lookup
 .any.text.uip_ds6_route_rm
                0x0000000000007004       0xa2 contiki-z1.a(uip-ds6-route.o)
                0x0000000000007004                uip_ds6_route_rm
 .any.text.rm_routelist
                0x00000000000070a6       0x34 contiki-z1.a(uip-ds6-route.o)
 .any.text.rm_routelist_callback
                0x00000000000070da        0x6 contiki-z1.a(uip-ds6-route.o)
 .any.text.uip_ds6_route_add
                0x00000000000070e0       0xfc contiki-z1.a(uip-ds6-route.o)
                0x00000000000070e0                uip_ds6_route_add
 .any.text.uip_ds6_defrt_rm
                0x00000000000071dc       0x44 contiki-z1.a(uip-ds6-route.o)
                0x00000000000071dc                uip_ds6_defrt_rm
 .any.text.uip_ds6_defrt_lookup
                0x0000000000007220       0x32 contiki-z1.a(uip-ds6-route.o)
                0x0000000000007220                uip_ds6_defrt_lookup
 .any.text.uip_ds6_defrt_add
                0x0000000000007252       0x68 contiki-z1.a(uip-ds6-route.o)
                0x0000000000007252                uip_ds6_defrt_add
 .any.text.uip_ds6_defrt_choose
                0x00000000000072ba       0x36 contiki-z1.a(uip-ds6-route.o)
                0x00000000000072ba                uip_ds6_defrt_choose
 .any.text.uip_ds6_defrt_periodic
                0x00000000000072f0       0x38 contiki-z1.a(uip-ds6-route.o)
                0x00000000000072f0                uip_ds6_defrt_periodic
 .any.text.chksum
                0x0000000000007328       0x32 contiki-z1.a(uip6.o)
 .any.text.upper_layer_chksum
                0x000000000000735a       0x56 contiki-z1.a(uip6.o)
 .any.text.ext_hdr_options_process
                0x00000000000073b0       0xc2 contiki-z1.a(uip6.o)
 .any.text.uip_add32
                0x0000000000007472       0x60 contiki-z1.a(uip6.o)
                0x0000000000007472                uip_add32
 .any.text.uip_add_rcv_nxt
                0x00000000000074d2       0x2e contiki-z1.a(uip6.o)
 .any.text.uip_icmp6chksum
                0x0000000000007500        0xa contiki-z1.a(uip6.o)
                0x0000000000007500                uip_icmp6chksum
 .any.text.uip_tcpchksum
                0x000000000000750a        0xa contiki-z1.a(uip6.o)
                0x000000000000750a                uip_tcpchksum
 .any.text.uip_udpchksum
                0x0000000000007514        0xa contiki-z1.a(uip6.o)
                0x0000000000007514                uip_udpchksum
 .any.text.uip_init
                0x000000000000751e       0x56 contiki-z1.a(uip6.o)
                0x000000000000751e                uip_init
 .any.text.remove_ext_hdr
                0x0000000000007574       0x50 contiki-z1.a(uip6.o)
                0x0000000000007574                remove_ext_hdr
 .any.text.uip_udp_new
                0x00000000000075c4       0xa2 contiki-z1.a(uip6.o)
                0x00000000000075c4                uip_udp_new
 .any.text.uip_unlisten
                0x0000000000007666       0x1a contiki-z1.a(uip6.o)
                0x0000000000007666                uip_unlisten
 .any.text.uip_process
                0x0000000000007680      0xe90 contiki-z1.a(uip6.o)
                0x0000000000007680                uip_process
 .any.text.uip_htonl
                0x0000000000008510       0x2a contiki-z1.a(uip6.o)
                0x0000000000008510                uip_htonl
 .any.text.uip_ds6_nbr_rm
                0x000000000000853a       0x30 contiki-z1.a(uip-ds6-nbr.o)
                0x000000000000853a                uip_ds6_nbr_rm
 .any.text.uip_ds6_neighbors_init
                0x000000000000856a       0x12 contiki-z1.a(uip-ds6-nbr.o)
                0x000000000000856a                uip_ds6_neighbors_init
 .any.text.uip_ds6_nbr_add
                0x000000000000857c       0x36 contiki-z1.a(uip-ds6-nbr.o)
                0x000000000000857c                uip_ds6_nbr_add
 .any.text.uip_ds6_nbr_get_ll
                0x00000000000085b2        0xc contiki-z1.a(uip-ds6-nbr.o)
                0x00000000000085b2                uip_ds6_nbr_get_ll
 .any.text.uip_ds6_nbr_lookup
                0x00000000000085be       0x3e contiki-z1.a(uip-ds6-nbr.o)
                0x00000000000085be                uip_ds6_nbr_lookup
 .any.text.uip_ds6_nbr_ll_lookup
                0x00000000000085fc        0xc contiki-z1.a(uip-ds6-nbr.o)
                0x00000000000085fc                uip_ds6_nbr_ll_lookup
 .any.text.uip_ds6_nbr_ipaddr_from_lladdr
                0x0000000000008608        0x6 contiki-z1.a(uip-ds6-nbr.o)
                0x0000000000008608                uip_ds6_nbr_ipaddr_from_lladdr
 .any.text.uip_ds6_nbr_lladdr_from_ipaddr
                0x000000000000860e       0x12 contiki-z1.a(uip-ds6-nbr.o)
                0x000000000000860e                uip_ds6_nbr_lladdr_from_ipaddr
 .any.text.uip_ds6_link_neighbor_callback
                0x0000000000008620       0x32 contiki-z1.a(uip-ds6-nbr.o)
                0x0000000000008620                uip_ds6_link_neighbor_callback
 .any.text.ns_input
                0x0000000000008652      0x26c contiki-z1.a(uip-nd6.o)
 .any.text.uip_nd6_init
                0x00000000000088be        0xa contiki-z1.a(uip-nd6.o)
                0x00000000000088be                uip_nd6_init
 .any.text.clear_fragments
                0x00000000000088c8       0x38 contiki-z1.a(sicslowpan.o)
 .any.text.set_packet_attrs
                0x0000000000008900       0x46 contiki-z1.a(sicslowpan.o)
 .any.text.addr_context_lookup_by_number
                0x0000000000008946       0x30 contiki-z1.a(sicslowpan.o)
 .any.text.compress_addr_64
                0x0000000000008976       0x9a contiki-z1.a(sicslowpan.o)
 .any.text.store_fragment
                0x0000000000008a10       0x6e contiki-z1.a(sicslowpan.o)
 .any.text.uncompress_addr
                0x0000000000008a7e       0x96 contiki-z1.a(sicslowpan.o)
 .any.text.sicslowpan_init
                0x0000000000008b14       0x24 contiki-z1.a(sicslowpan.o)
                0x0000000000008b14                sicslowpan_init
 .any.text.addr_context_lookup_by_prefix
                0x0000000000008b38       0x4a contiki-z1.a(sicslowpan.o)
 .any.text.packet_sent
                0x0000000000008b82       0x22 contiki-z1.a(sicslowpan.o)
 .any.text.add_fragment
                0x0000000000008ba4      0x160 contiki-z1.a(sicslowpan.o)
 .any.text.input
                0x0000000000008d04      0x60e contiki-z1.a(sicslowpan.o)
 .any.text.send_packet
                0x0000000000009312       0x1a contiki-z1.a(sicslowpan.o)
 .any.text.output
                0x000000000000932c      0x67c contiki-z1.a(sicslowpan.o)
 .any.text.uip_udp_packet_send
                0x00000000000099a8       0x2a contiki-z1.a(uip-udp-packet.)
                0x00000000000099a8                uip_udp_packet_send
 .any.text.uip_udp_packet_sendto
                0x00000000000099d2       0x56 contiki-z1.a(uip-udp-packet.)
                0x00000000000099d2                uip_udp_packet_sendto
 .any.text.start_periodic_tcp_timer
                0x0000000000009a28       0x16 contiki-z1.a(tcpip.o)
 .any.text.tcpip_output
                0x0000000000009a3e       0x10 contiki-z1.a(tcpip.o)
                0x0000000000009a3e                tcpip_output
 .any.text.tcpip_set_outputfunc
                0x0000000000009a4e        0x6 contiki-z1.a(tcpip.o)
                0x0000000000009a4e                tcpip_set_outputfunc
 .any.text.udp_new
                0x0000000000009a54       0x1a contiki-z1.a(tcpip.o)
                0x0000000000009a54                udp_new
 .any.text.tcpip_input
                0x0000000000009a6e       0x16 contiki-z1.a(tcpip.o)
                0x0000000000009a6e                tcpip_input
 .any.text.tcpip_ipv6_output
                0x0000000000009a84       0xcc contiki-z1.a(tcpip.o)
                0x0000000000009a84                tcpip_ipv6_output
 .any.text.process_thread_tcpip_process
                0x0000000000009b50      0x1a8 contiki-z1.a(tcpip.o)
 .any.text.tcpip_uipcall
                0x0000000000009cf8       0x62 contiki-z1.a(tcpip.o)
                0x0000000000009cf8                tcpip_uipcall
 .any.text.uip_debug_ipaddr_print
                0x0000000000009d5a       0xbc contiki-z1.a(uip-debug.o)
                0x0000000000009d5a                uip_debug_ipaddr_print
 .any.text.handle_unicast_dio_timer
                0x0000000000009e16       0x1c contiki-z1.a(rpl-timers.o)
 .any.text.new_dio_interval
                0x0000000000009e32       0x8a contiki-z1.a(rpl-timers.o)
 .any.text.set_dao_lifetime_timer
                0x0000000000009ebc       0x7e contiki-z1.a(rpl-timers.o)
 .any.text.handle_periodic_timer
                0x0000000000009f3a       0x50 contiki-z1.a(rpl-timers.o)
 .any.text.schedule_dao
                0x0000000000009f8a       0x72 contiki-z1.a(rpl-timers.o)
 .any.text.handle_dio_timer
                0x0000000000009ffc       0x88 contiki-z1.a(rpl-timers.o)
 .any.text.handle_dao_timer
                0x000000000000a084       0x64 contiki-z1.a(rpl-timers.o)
 .any.text.rpl_reset_periodic_timer
                0x000000000000a0e8       0x54 contiki-z1.a(rpl-timers.o)
                0x000000000000a0e8                rpl_reset_periodic_timer
 .any.text.rpl_reset_dio_timer
                0x000000000000a13c       0x18 contiki-z1.a(rpl-timers.o)
                0x000000000000a13c                rpl_reset_dio_timer
 .any.text.rpl_schedule_dao
                0x000000000000a154        0xc contiki-z1.a(rpl-timers.o)
                0x000000000000a154                rpl_schedule_dao
 .any.text.rpl_schedule_unicast_dio_immediately
                0x000000000000a160       0x16 contiki-z1.a(rpl-timers.o)
                0x000000000000a160                rpl_schedule_unicast_dio_immediately
 .any.text.get_probing_delay
                0x000000000000a176       0x40 contiki-z1.a(rpl-timers.o)
                0x000000000000a176                get_probing_delay
 .any.text.get_probing_target
                0x000000000000a1b6       0xe2 contiki-z1.a(rpl-timers.o)
                0x000000000000a1b6                get_probing_target
 .any.text.rpl_schedule_probing
                0x000000000000a298       0x26 contiki-z1.a(rpl-timers.o)
                0x000000000000a298                rpl_schedule_probing
 .any.text.handle_probing_timer
                0x000000000000a2be       0x34 contiki-z1.a(rpl-timers.o)
 .any.text.update_hbh_header
                0x000000000000a2f2       0xcc contiki-z1.a(rpl-ext-header.)
 .any.text.insert_hbh_header
                0x000000000000a3be       0x94 contiki-z1.a(rpl-ext-header.)
 .any.text.rpl_verify_hbh_header
                0x000000000000a452       0xf4 contiki-z1.a(rpl-ext-header.)
                0x000000000000a452                rpl_verify_hbh_header
 .any.text.rpl_remove_header
                0x000000000000a546       0x76 contiki-z1.a(rpl-ext-header.)
                0x000000000000a546                rpl_remove_header
 .any.text.rpl_update_header
                0x000000000000a5bc       0x60 contiki-z1.a(rpl-ext-header.)
                0x000000000000a5bc                rpl_update_header
 .any.text.rpl_get_mode
                0x000000000000a61c        0x6 contiki-z1.a(rpl.o)
                0x000000000000a61c                rpl_get_mode
 .any.text.rpl_purge_routes
                0x000000000000a622       0x94 contiki-z1.a(rpl.o)
                0x000000000000a622                rpl_purge_routes
 .any.text.rpl_remove_routes
                0x000000000000a6b6       0x22 contiki-z1.a(rpl.o)
                0x000000000000a6b6                rpl_remove_routes
 .any.text.rpl_remove_routes_by_nexthop
                0x000000000000a6d8       0x3e contiki-z1.a(rpl.o)
                0x000000000000a6d8                rpl_remove_routes_by_nexthop
 .any.text.rpl_add_route
                0x000000000000a716       0x5c contiki-z1.a(rpl.o)
                0x000000000000a716                rpl_add_route
 .any.text.rpl_link_neighbor_callback
                0x000000000000a772       0x4c contiki-z1.a(rpl.o)
                0x000000000000a772                rpl_link_neighbor_callback
 .any.text.rpl_ipv6_neighbor_callback
                0x000000000000a7be       0x1e contiki-z1.a(rpl.o)
                0x000000000000a7be                rpl_ipv6_neighbor_callback
 .any.text.rpl_purge_dags
                0x000000000000a7dc       0x60 contiki-z1.a(rpl.o)
                0x000000000000a7dc                rpl_purge_dags
 .any.text.rpl_init
                0x000000000000a83c       0x44 contiki-z1.a(rpl.o)
                0x000000000000a83c                rpl_init
 .any.text.lollipop_greater_than
                0x000000000000a880       0x3c contiki-z1.a(rpl-dag.o)
 .any.text.find_parent_any_dag_any_instance
                0x000000000000a8bc       0x14 contiki-z1.a(rpl-dag.o)
 .any.text.rpl_set_preferred_parent
                0x000000000000a8d0       0x2c contiki-z1.a(rpl-dag.o)
 .any.text.set_ip_from_prefix
                0x000000000000a8fc       0x30 contiki-z1.a(rpl-dag.o)
 .any.text.check_prefix
                0x000000000000a92c       0x70 contiki-z1.a(rpl-dag.o)
 .any.text.rpl_dag_init
                0x000000000000a99c        0xe contiki-z1.a(rpl-dag.o)
                0x000000000000a99c                rpl_dag_init
 .any.text.rpl_get_parent
                0x000000000000a9aa        0xc contiki-z1.a(rpl-dag.o)
                0x000000000000a9aa                rpl_get_parent
 .any.text.rpl_rank_via_parent
                0x000000000000a9b6       0x2a contiki-z1.a(rpl-dag.o)
                0x000000000000a9b6                rpl_rank_via_parent
 .any.text.rpl_get_parent_lladdr
                0x000000000000a9e0        0xc contiki-z1.a(rpl-dag.o)
                0x000000000000a9e0                rpl_get_parent_lladdr
 .any.text.rpl_get_parent_ipaddr
                0x000000000000a9ec        0xa contiki-z1.a(rpl-dag.o)
                0x000000000000a9ec                rpl_get_parent_ipaddr
 .any.text.rpl_get_parent_link_stats
                0x000000000000a9f6        0xa contiki-z1.a(rpl-dag.o)
                0x000000000000a9f6                rpl_get_parent_link_stats
 .any.text.rpl_parent_is_fresh
                0x000000000000aa00        0xa contiki-z1.a(rpl-dag.o)
                0x000000000000aa00                rpl_parent_is_fresh
 .any.text.best_parent
                0x000000000000aa0a       0x72 contiki-z1.a(rpl-dag.o)
 .any.text.rpl_parent_is_reachable
                0x000000000000aa7c       0x4a contiki-z1.a(rpl-dag.o)
                0x000000000000aa7c                rpl_parent_is_reachable
 .any.text.rpl_set_prefix
                0x000000000000aac6       0x74 contiki-z1.a(rpl-dag.o)
                0x000000000000aac6                rpl_set_prefix
 .any.text.rpl_set_default_route
                0x000000000000ab3a       0x3a contiki-z1.a(rpl-dag.o)
                0x000000000000ab3a                rpl_set_default_route
 .any.text.rpl_alloc_instance
                0x000000000000ab74       0x34 contiki-z1.a(rpl-dag.o)
                0x000000000000ab74                rpl_alloc_instance
 .any.text.rpl_add_parent
                0x000000000000aba8       0x3a contiki-z1.a(rpl-dag.o)
                0x000000000000aba8                rpl_add_parent
 .any.text.rpl_find_parent
                0x000000000000abe2       0x1a contiki-z1.a(rpl-dag.o)
                0x000000000000abe2                rpl_find_parent
 .any.text.rpl_find_parent_any_dag
                0x000000000000abfc       0x22 contiki-z1.a(rpl-dag.o)
                0x000000000000abfc                rpl_find_parent_any_dag
 .any.text.rpl_select_parent
                0x000000000000ac1e       0x62 contiki-z1.a(rpl-dag.o)
                0x000000000000ac1e                rpl_select_parent
 .any.text.rpl_select_dag
                0x000000000000ac80      0x192 contiki-z1.a(rpl-dag.o)
                0x000000000000ac80                rpl_select_dag
 .any.text.rpl_nullify_parent
                0x000000000000ae12       0x5c contiki-z1.a(rpl-dag.o)
                0x000000000000ae12                rpl_nullify_parent
 .any.text.rpl_remove_parent
                0x000000000000ae6e       0x16 contiki-z1.a(rpl-dag.o)
                0x000000000000ae6e                rpl_remove_parent
 .any.text.nbr_callback
                0x000000000000ae84        0x6 contiki-z1.a(rpl-dag.o)
 .any.text.remove_parents.constprop.4
                0x000000000000ae8a       0x2c contiki-z1.a(rpl-dag.o)
 .any.text.rpl_free_dag
                0x000000000000aeb6       0x42 contiki-z1.a(rpl-dag.o)
                0x000000000000aeb6                rpl_free_dag
 .any.text.rpl_move_parent
                0x000000000000aef8       0x60 contiki-z1.a(rpl-dag.o)
                0x000000000000aef8                rpl_move_parent
 .any.text.rpl_get_dag
                0x000000000000af58       0x5c contiki-z1.a(rpl-dag.o)
                0x000000000000af58                rpl_get_dag
 .any.text.rpl_get_any_dag
                0x000000000000afb4       0x16 contiki-z1.a(rpl-dag.o)
                0x000000000000afb4                rpl_get_any_dag
 .any.text.rpl_get_instance
                0x000000000000afca       0x16 contiki-z1.a(rpl-dag.o)
                0x000000000000afca                rpl_get_instance
 .any.text.rpl_alloc_dag
                0x000000000000afe0       0x60 contiki-z1.a(rpl-dag.o)
                0x000000000000afe0                rpl_alloc_dag
 .any.text.rpl_repair_root
                0x000000000000b040       0x4c contiki-z1.a(rpl-dag.o)
                0x000000000000b040                rpl_repair_root
 .any.text.rpl_find_of
                0x000000000000b08c       0x10 contiki-z1.a(rpl-dag.o)
                0x000000000000b08c                rpl_find_of
 .any.text.rpl_join_instance
                0x000000000000b09c      0x142 contiki-z1.a(rpl-dag.o)
                0x000000000000b09c                rpl_join_instance
 .any.text.rpl_local_repair
                0x000000000000b1de       0x82 contiki-z1.a(rpl-dag.o)
                0x000000000000b1de                rpl_local_repair
 .any.text.rpl_process_parent_event
                0x000000000000b260       0xa8 contiki-z1.a(rpl-dag.o)
                0x000000000000b260                rpl_process_parent_event
 .any.text.rpl_recalculate_ranks
                0x000000000000b308       0x44 contiki-z1.a(rpl-dag.o)
                0x000000000000b308                rpl_recalculate_ranks
 .any.text.rpl_add_dag
                0x000000000000b34c      0x104 contiki-z1.a(rpl-dag.o)
                0x000000000000b34c                rpl_add_dag
 .any.text.rpl_process_dio
                0x000000000000b450      0x32c contiki-z1.a(rpl-dag.o)
                0x000000000000b450                rpl_process_dio
 .any.text.queuebuf_init
                0x000000000000b77c       0x12 contiki-z1.a(queuebuf.o)
                0x000000000000b77c                queuebuf_init
 .any.text.queuebuf_numfree
                0x000000000000b78e        0xa contiki-z1.a(queuebuf.o)
                0x000000000000b78e                queuebuf_numfree
 .any.text.queuebuf_new_from_packetbuf
                0x000000000000b798       0x4e contiki-z1.a(queuebuf.o)
                0x000000000000b798                queuebuf_new_from_packetbuf
 .any.text.queuebuf_update_attr_from_packetbuf
                0x000000000000b7e6       0x12 contiki-z1.a(queuebuf.o)
                0x000000000000b7e6                queuebuf_update_attr_from_packetbuf
 .any.text.queuebuf_free
                0x000000000000b7f8       0x2a contiki-z1.a(queuebuf.o)
                0x000000000000b7f8                queuebuf_free
 .any.text.queuebuf_to_packetbuf
                0x000000000000b822       0x32 contiki-z1.a(queuebuf.o)
                0x000000000000b822                queuebuf_to_packetbuf
 .any.text.queuebuf_attr
                0x000000000000b854        0xe contiki-z1.a(queuebuf.o)
                0x000000000000b854                queuebuf_attr
 .any.text.key_from_index
                0x000000000000b862       0x18 contiki-z1.a(nbr-table.o)
 .any.text.item_from_index
                0x000000000000b87a       0x2a contiki-z1.a(nbr-table.o)
 .any.text.index_from_key
                0x000000000000b8a4       0x26 contiki-z1.a(nbr-table.o)
 .any.text.index_from_item
                0x000000000000b8ca       0x1e contiki-z1.a(nbr-table.o)
 .any.text.nbr_set_bit
                0x000000000000b8e8       0x50 contiki-z1.a(nbr-table.o)
 .any.text.index_from_lladdr
                0x000000000000b938       0x3e contiki-z1.a(nbr-table.o)
 .any.text.nbr_get_bit.constprop.0
                0x000000000000b976       0x2c contiki-z1.a(nbr-table.o)
 .any.text.remove_key
                0x000000000000b9a2       0x56 contiki-z1.a(nbr-table.o)
 .any.text.nbr_table_register
                0x000000000000b9f8       0x26 contiki-z1.a(nbr-table.o)
                0x000000000000b9f8                nbr_table_register
 .any.text.nbr_table_next
                0x000000000000ba1e       0x3a contiki-z1.a(nbr-table.o)
                0x000000000000ba1e                nbr_table_next
 .any.text.nbr_table_head
                0x000000000000ba58       0x36 contiki-z1.a(nbr-table.o)
                0x000000000000ba58                nbr_table_head
 .any.text.nbr_table_add_lladdr
                0x000000000000ba8e       0xfc contiki-z1.a(nbr-table.o)
                0x000000000000ba8e                nbr_table_add_lladdr
 .any.text.nbr_table_get_from_lladdr
                0x000000000000bb8a       0x28 contiki-z1.a(nbr-table.o)
                0x000000000000bb8a                nbr_table_get_from_lladdr
 .any.text.nbr_table_remove
                0x000000000000bbb2       0x2a contiki-z1.a(nbr-table.o)
                0x000000000000bbb2                nbr_table_remove
 .any.text.nbr_table_lock
                0x000000000000bbdc       0x10 contiki-z1.a(nbr-table.o)
                0x000000000000bbdc                nbr_table_lock
 .any.text.nbr_table_unlock
                0x000000000000bbec       0x10 contiki-z1.a(nbr-table.o)
                0x000000000000bbec                nbr_table_unlock
 .any.text.nbr_table_get_lladdr
                0x000000000000bbfc       0x14 contiki-z1.a(nbr-table.o)
                0x000000000000bbfc                nbr_table_get_lladdr
 .any.text.nbr_table_update_lladdr
                0x000000000000bc10       0x48 contiki-z1.a(nbr-table.o)
                0x000000000000bc10                nbr_table_update_lladdr
 .any.text.packetbuf_hdrreduce
                0x000000000000bc58       0x1a contiki-z1.a(packetbuf.o)
                0x000000000000bc58                packetbuf_hdrreduce
 .any.text.packetbuf_set_datalen
                0x000000000000bc72        0x6 contiki-z1.a(packetbuf.o)
                0x000000000000bc72                packetbuf_set_datalen
 .any.text.packetbuf_hdrptr
                0x000000000000bc78        0x6 contiki-z1.a(packetbuf.o)
                0x000000000000bc78                packetbuf_hdrptr
 .any.text.packetbuf_datalen
                0x000000000000bc7e        0x6 contiki-z1.a(packetbuf.o)
                0x000000000000bc7e                packetbuf_datalen
 .any.text.packetbuf_hdrlen
                0x000000000000bc84        0xa contiki-z1.a(packetbuf.o)
                0x000000000000bc84                packetbuf_hdrlen
 .any.text.packetbuf_dataptr
                0x000000000000bc8e        0xc contiki-z1.a(packetbuf.o)
                0x000000000000bc8e                packetbuf_dataptr
 .any.text.packetbuf_copyto
                0x000000000000bc9a       0x3a contiki-z1.a(packetbuf.o)
                0x000000000000bc9a                packetbuf_copyto
 .any.text.packetbuf_totlen
                0x000000000000bcd4        0xc contiki-z1.a(packetbuf.o)
                0x000000000000bcd4                packetbuf_totlen
 .any.text.packetbuf_hdralloc
                0x000000000000bce0       0x3c contiki-z1.a(packetbuf.o)
                0x000000000000bce0                packetbuf_hdralloc
 .any.text.packetbuf_attr_clear
                0x000000000000bd1c       0x28 contiki-z1.a(packetbuf.o)
                0x000000000000bd1c                packetbuf_attr_clear
 .any.text.packetbuf_clear
                0x000000000000bd44       0x12 contiki-z1.a(packetbuf.o)
                0x000000000000bd44                packetbuf_clear
 .any.text.packetbuf_copyfrom
                0x000000000000bd56       0x2a contiki-z1.a(packetbuf.o)
                0x000000000000bd56                packetbuf_copyfrom
 .any.text.packetbuf_attr_copyto
                0x000000000000bd80       0x22 contiki-z1.a(packetbuf.o)
                0x000000000000bd80                packetbuf_attr_copyto
 .any.text.packetbuf_attr_copyfrom
                0x000000000000bda2       0x24 contiki-z1.a(packetbuf.o)
                0x000000000000bda2                packetbuf_attr_copyfrom
 .any.text.packetbuf_holds_broadcast
                0x000000000000bdc6        0xe contiki-z1.a(packetbuf.o)
                0x000000000000bdc6                packetbuf_holds_broadcast
 .any.text.linkaddr_copy
                0x000000000000bdd4        0x8 contiki-z1.a(linkaddr.o)
                0x000000000000bdd4                linkaddr_copy
 .any.text.linkaddr_cmp
                0x000000000000bddc       0x12 contiki-z1.a(linkaddr.o)
                0x000000000000bddc                linkaddr_cmp
 .any.text.linkaddr_set_node_addr
                0x000000000000bdee        0xc contiki-z1.a(linkaddr.o)
                0x000000000000bdee                linkaddr_set_node_addr
 .any.text.periodic
                0x000000000000bdfa       0x2c contiki-z1.a(link-stats.o)
 .any.text.link_stats_from_lladdr
                0x000000000000be26        0xc contiki-z1.a(link-stats.o)
                0x000000000000be26                link_stats_from_lladdr
 .any.text.link_stats_is_fresh
                0x000000000000be32       0x32 contiki-z1.a(link-stats.o)
                0x000000000000be32                link_stats_is_fresh
 .any.text.link_stats_packet_sent
                0x000000000000be64       0xc4 contiki-z1.a(link-stats.o)
                0x000000000000be64                link_stats_packet_sent
 .any.text.link_stats_input_callback
                0x000000000000bf28       0xa8 contiki-z1.a(link-stats.o)
                0x000000000000bf28                link_stats_input_callback
 .any.text.link_stats_init
                0x000000000000bfd0       0x22 contiki-z1.a(link-stats.o)
                0x000000000000bfd0                link_stats_init
 .any.text.create_frame.isra.0
                0x000000000000bff2      0x114 contiki-z1.a(framer-802154.o)
 .any.text.create
                0x000000000000c106        0x8 contiki-z1.a(framer-802154.o)
 .any.text.hdr_length
                0x000000000000c10e        0x8 contiki-z1.a(framer-802154.o)
 .any.text.parse
                0x000000000000c116       0x9a contiki-z1.a(framer-802154.o)
 .any.text.input_packet
                0x000000000000c1b0        0x6 contiki-z1.a(csma.o)
 .any.text.on   0x000000000000c1b6        0x6 contiki-z1.a(csma.o)
 .any.text.off  0x000000000000c1bc        0x6 contiki-z1.a(csma.o)
 .any.text.channel_check_interval
                0x000000000000c1c2       0x10 contiki-z1.a(csma.o)
 .any.text.transmit_packet_list
                0x000000000000c1d2       0x24 contiki-z1.a(csma.o)
 .any.text.schedule_transmission
                0x000000000000c1f6       0x84 contiki-z1.a(csma.o)
 .any.text.init
                0x000000000000c27a       0x1a contiki-z1.a(csma.o)
 .any.text.tx_done
                0x000000000000c294       0x86 contiki-z1.a(csma.o)
 .any.text.send_packet
                0x000000000000c31a      0x158 contiki-z1.a(csma.o)
 .any.text.packet_sent
                0x000000000000c472       0xca contiki-z1.a(csma.o)
 .any.text.frame802154_get_pan_id
                0x000000000000c53c        0x6 contiki-z1.a(frame802154.o)
                0x000000000000c53c                frame802154_get_pan_id
 .any.text.frame802154_has_panid
                0x000000000000c542       0xe0 contiki-z1.a(frame802154.o)
                0x000000000000c542                frame802154_has_panid
 .any.text.field_len
                0x000000000000c622       0xa8 contiki-z1.a(frame802154.o)
 .any.text.frame802154_is_broadcast_addr
                0x000000000000c6ca       0x28 contiki-z1.a(frame802154.o)
                0x000000000000c6ca                frame802154_is_broadcast_addr
 .any.text.frame802154_hdrlen
                0x000000000000c6f2       0x32 contiki-z1.a(frame802154.o)
                0x000000000000c6f2                frame802154_hdrlen
 .any.text.frame802154_create_fcf
                0x000000000000c724       0x6e contiki-z1.a(frame802154.o)
                0x000000000000c724                frame802154_create_fcf
 .any.text.frame802154_create
                0x000000000000c792       0xd4 contiki-z1.a(frame802154.o)
                0x000000000000c792                frame802154_create
 .any.text.frame802154_parse_fcf
                0x000000000000c866       0x8c contiki-z1.a(frame802154.o)
                0x000000000000c866                frame802154_parse_fcf
 .any.text.frame802154_parse
                0x000000000000c8f2      0x15c contiki-z1.a(frame802154.o)
                0x000000000000c8f2                frame802154_parse
 .any.text.mac_call_sent_callback
                0x000000000000ca4e       0x14 contiki-z1.a(mac.o)
                0x000000000000ca4e                mac_call_sent_callback
 .any.text.on   0x000000000000ca62        0x6 contiki-z1.a(nullrdc.o)
 .any.text.channel_check_interval
                0x000000000000ca68        0x4 contiki-z1.a(nullrdc.o)
 .any.text.init
                0x000000000000ca6c        0x6 contiki-z1.a(nullrdc.o)
 .any.text.off  0x000000000000ca72       0x10 contiki-z1.a(nullrdc.o)
 .any.text.packet_input
                0x000000000000ca82       0x40 contiki-z1.a(nullrdc.o)
 .any.text.send_one_packet
                0x000000000000cac2      0x114 contiki-z1.a(nullrdc.o)
 .any.text.send_list
                0x000000000000cbd6       0x28 contiki-z1.a(nullrdc.o)
 .any.text.send_packet
                0x000000000000cbfe        0x6 contiki-z1.a(nullrdc.o)
 .any.text.init
                0x000000000000cc04        0x2 contiki-z1.a(nullsec.o)
 .any.text.send
                0x000000000000cc06        0xa contiki-z1.a(nullsec.o)
 .any.text.input
                0x000000000000cc10        0x6 contiki-z1.a(nullsec.o)
 .any.text.i2c_receiveinit
                0x000000000000cc16       0x36 contiki-z1.a(i2cmaster.o)
                0x000000000000cc16                i2c_receiveinit
 .any.text.i2c_transmitinit
                0x000000000000cc4c       0x30 contiki-z1.a(i2cmaster.o)
                0x000000000000cc4c                i2c_transmitinit
 .any.text.i2c_receive_n
                0x000000000000cc7c       0x3e contiki-z1.a(i2cmaster.o)
                0x000000000000cc7c                i2c_receive_n
 .any.text.i2c_busy
                0x000000000000ccba        0xa contiki-z1.a(i2cmaster.o)
                0x000000000000ccba                i2c_busy
 .any.text.i2c_enable
                0x000000000000ccc4       0x22 contiki-z1.a(i2cmaster.o)
                0x000000000000ccc4                i2c_enable
 .any.text.i2c_transmit_n
                0x000000000000cce6       0x14 contiki-z1.a(i2cmaster.o)
                0x000000000000cce6                i2c_transmit_n
 .any.text.status
                0x000000000000ccfa       0x18 contiki-z1.a(button-sensor.o)
 .any.text.value
                0x000000000000cd12       0x20 contiki-z1.a(button-sensor.o)
 .any.text.configure
                0x000000000000cd32       0x4e contiki-z1.a(button-sensor.o)
 .any.text.stimer_set
                0x000000000000cd80       0x1c contiki-z1.a(stimer.o)
                0x000000000000cd80                stimer_set
 .any.text.stimer_expired
                0x000000000000cd9c       0x30 contiki-z1.a(stimer.o)
                0x000000000000cd9c                stimer_expired
 .any.text.memb_init
                0x000000000000cdcc       0x36 contiki-z1.a(memb.o)
                0x000000000000cdcc                memb_init
 .any.text.memb_alloc
                0x000000000000ce02       0x3e contiki-z1.a(memb.o)
                0x000000000000ce02                memb_alloc
 .any.text.memb_free
                0x000000000000ce40       0x3a contiki-z1.a(memb.o)
                0x000000000000ce40                memb_free
 .any.text.memb_inmemb
                0x000000000000ce7a       0x2a contiki-z1.a(memb.o)
                0x000000000000ce7a                memb_inmemb
 .any.text.memb_numfree
                0x000000000000cea4       0x26 contiki-z1.a(memb.o)
                0x000000000000cea4                memb_numfree
 .any.text.update_nbr
                0x000000000000ceca       0xda contiki-z1.a(rpl-nbr-policy.)
 .any.text.handle_periodic_timer
                0x000000000000cfa4        0xe contiki-z1.a(rpl-nbr-policy.)
 .any.text.find_removable_dis
                0x000000000000cfb2       0x14 contiki-z1.a(rpl-nbr-policy.)
                0x000000000000cfb2                find_removable_dis
 .any.text.find_removable_dio
                0x000000000000cfc6       0x3c contiki-z1.a(rpl-nbr-policy.)
                0x000000000000cfc6                find_removable_dio
 .any.text.find_removable_dao
                0x000000000000d002       0x32 contiki-z1.a(rpl-nbr-policy.)
                0x000000000000d002                find_removable_dao
 .any.text.rpl_nbr_policy_find_removable
                0x000000000000d034       0x30 contiki-z1.a(rpl-nbr-policy.)
                0x000000000000d034                rpl_nbr_policy_find_removable
 .any.text.reset
                0x000000000000d064        0x2 contiki-z1.a(rpl-mrhof.o)
 .any.text.update_metric_container
                0x000000000000d066        0x6 contiki-z1.a(rpl-mrhof.o)
 .any.text.parent_link_metric
                0x000000000000d06c       0x10 contiki-z1.a(rpl-mrhof.o)
 .any.text.parent_has_usable_link
                0x000000000000d07c       0x14 contiki-z1.a(rpl-mrhof.o)
 .any.text.best_dag
                0x000000000000d090       0x2e contiki-z1.a(rpl-mrhof.o)
 .any.text.parent_path_cost
                0x000000000000d0be       0x40 contiki-z1.a(rpl-mrhof.o)
 .any.text.parent_is_acceptable
                0x000000000000d0fe       0x2a contiki-z1.a(rpl-mrhof.o)
 .any.text.rank_via_parent
                0x000000000000d128       0x4e contiki-z1.a(rpl-mrhof.o)
 .any.text.best_parent
                0x000000000000d176       0x76 contiki-z1.a(rpl-mrhof.o)
 .any.text.mac_sequence_is_duplicate
                0x000000000000d1ec       0x60 contiki-z1.a(mac-sequence.o)
                0x000000000000d1ec                mac_sequence_is_duplicate
 .any.text.mac_sequence_register_seqno
                0x000000000000d24c       0x76 contiki-z1.a(mac-sequence.o)
                0x000000000000d24c                mac_sequence_register_seqno
 .any.text.printf
                0x000000000000d2c2       0x10 /opt/msp430-47-expr/bin/../lib/gcc/msp430/4.7.0/../../../../msp430/lib/mcpu-430x/mmpy-16/msr20/mc20/libc.a(printf.o)
                0x000000000000d2c2                printf
 .any.text.append
                0x000000000000d2d2       0x22 /opt/msp430-47-expr/bin/../lib/gcc/msp430/4.7.0/../../../../msp430/lib/mcpu-430x/mmpy-16/msr20/mc20/libc.a(sprintf.o)
 .any.text.call_vuprintf
                0x000000000000d2f4       0x36 /opt/msp430-47-expr/bin/../lib/gcc/msp430/4.7.0/../../../../msp430/lib/mcpu-430x/mmpy-16/msr20/mc20/libc.a(sprintf.o)
 .any.text.sprintf
                0x000000000000d32a       0x1a /opt/msp430-47-expr/bin/../lib/gcc/msp430/4.7.0/../../../../msp430/lib/mcpu-430x/mmpy-16/msr20/mc20/libc.a(sprintf.o)
                0x000000000000d32a                sprintf
 .any.text.print_field
                0x000000000000d344      0x176 /opt/msp430-47-expr/bin/../lib/gcc/msp430/4.7.0/../../../../msp430/lib/mcpu-430x/mmpy-16/msr20/mc20/libc.a(vuprintf.o)
 .any.text.vuprintf
                0x000000000000d4ba      0x74c /opt/msp430-47-expr/bin/../lib/gcc/msp430/4.7.0/../../../../msp430/lib/mcpu-430x/mmpy-16/msr20/mc20/libc.a(vuprintf.o)
                0x000000000000d4ba                vuprintf
 .any.text.puts
                0x000000000000dc06       0x2c /opt/msp430-47-expr/bin/../lib/gcc/msp430/4.7.0/../../../../msp430/lib/mcpu-430x/mmpy-16/msr20/mc20/libc.a(puts.o)
                0x000000000000dc06                puts
 .any.text.rand
                0x000000000000dc32       0x26 /opt/msp430-47-expr/bin/../lib/gcc/msp430/4.7.0/../../../../msp430/lib/mcpu-430x/mmpy-16/msr20/mc20/libc.a(rand.o)
                0x000000000000dc32                rand
 .any.text.srand
                0x000000000000dc58        0xa /opt/msp430-47-expr/bin/../lib/gcc/msp430/4.7.0/../../../../msp430/lib/mcpu-430x/mmpy-16/msr20/mc20/libc.a(rand.o)
                0x000000000000dc58                srand
 .any.text.memcmp
                0x000000000000dc62       0x2c /opt/msp430-47-expr/bin/../lib/gcc/msp430/4.7.0/../../../../msp430/lib/mcpu-430x/mmpy-16/msr20/mc20/libc.a(memcmp.o)
                0x000000000000dc62                memcmp
 .any.text.strcpy
                0x000000000000dc8e       0x14 /opt/msp430-47-expr/bin/../lib/gcc/msp430/4.7.0/../../../../msp430/lib/mcpu-430x/mmpy-16/msr20/mc20/libc.a(strcpy.o)
                0x000000000000dc8e                strcpy
 .any.text.memcpy
                0x000000000000dca2       0xe8 /opt/msp430-47-expr/bin/../lib/gcc/msp430/4.7.0/../../../../msp430/lib/mcpu-430x/mmpy-16/msr20/mc20/libc.a(memcpy.o)
                0x000000000000dca2                memcpy
 .any.text.memmove
                0x000000000000dd8a       0xe8 /opt/msp430-47-expr/bin/../lib/gcc/msp430/4.7.0/../../../../msp430/lib/mcpu-430x/mmpy-16/msr20/mc20/libc.a(memmove.o)
                0x000000000000dd8a                memmove
 .any.text.memset
                0x000000000000de72       0x5c /opt/msp430-47-expr/bin/../lib/gcc/msp430/4.7.0/../../../../msp430/lib/mcpu-430x/mmpy-16/msr20/mc20/libc.a(memset.o)
                0x000000000000de72                memset
 .any.text.strcat
                0x000000000000dece       0x1a /opt/msp430-47-expr/bin/../lib/gcc/msp430/4.7.0/../../../../msp430/lib/mcpu-430x/mmpy-16/msr20/mc20/libc.a(strcat.o)
                0x000000000000dece                strcat

.rodata         0x000000000000dee8      0x635
                0x000000000000dee8                . = ALIGN (0x2)
 *(.rodata .rodata.* .gnu.linkonce.r.*)
 .rodata.send_packet
                0x000000000000dee8       0x10 udp-malicious-client-controller-aware-version-attack.co
 .rodata.dio_output
                0x000000000000def8       0x33 udp-malicious-client-controller-aware-version-attack.co
 .rodata.process_thread_udp_client_process
                0x000000000000df2b      0x205 udp-malicious-client-controller-aware-version-attack.co
 .rodata.autostart_processes
                0x000000000000e130        0x4 udp-malicious-client-controller-aware-version-attack.co
                0x000000000000e130                autostart_processes
 .rodata        0x000000000000e134       0x13 udp-malicious-client-controller-aware-version-attack.co
 .rodata        0x000000000000e147      0x10e obj_z1/contiki-z1-main.o
 *fill*         0x000000000000e255        0x3 00
 .rodata.get_value
                0x000000000000e258       0x44 contiki-z1.a(cc2420.o)
 .rodata.set_value
                0x000000000000e29c       0x20 contiki-z1.a(cc2420.o)
 .rodata.cc2420_driver
                0x000000000000e2bc       0x38 contiki-z1.a(cc2420.o)
                0x000000000000e2bc                cc2420_driver
 .rodata        0x000000000000e2f4        0xe contiki-z1.a(cc2420.o)
 .rodata.output_power
                0x000000000000e302       0x10 contiki-z1.a(cc2420.o)
 .rodata        0x000000000000e312        0x8 contiki-z1.a(sensors.o)
 .rodata        0x000000000000e31a       0x25 contiki-z1.a(adxl345.o)
 *fill*         0x000000000000e33f        0x1 00
 .rodata.adxl345
                0x000000000000e340        0xe contiki-z1.a(adxl345.o)
                0x000000000000e340                adxl345
 .rodata        0x000000000000e34e        0xe contiki-z1.a(tmp102.o)
 .rodata.tmp102
                0x000000000000e35c        0xe contiki-z1.a(tmp102.o)
                0x000000000000e35c                tmp102
 .rodata        0x000000000000e36a        0xf contiki-z1.a(ctimer.o)
 .rodata        0x000000000000e379        0xc contiki-z1.a(etimer.o)
 *fill*         0x000000000000e385        0x3 00
 .rodata.uip_process
                0x000000000000e388       0x8c contiki-z1.a(uip6.o)
 .rodata.uip_ds6_nbr_rm
                0x000000000000e414       0x1d contiki-z1.a(uip-ds6-nbr.o)
 .rodata        0x000000000000e431        0xb contiki-z1.a(sicslowpan.o)
 .rodata.sicslowpan_driver
                0x000000000000e43c        0xa contiki-z1.a(sicslowpan.o)
                0x000000000000e43c                sicslowpan_driver
 .rodata.llprefix
                0x000000000000e446        0x2 contiki-z1.a(sicslowpan.o)
                0x000000000000e446                llprefix
 .rodata.unc_mxconf
                0x000000000000e448        0x4 contiki-z1.a(sicslowpan.o)
                0x000000000000e448                unc_mxconf
 .rodata.unc_ctxconf
                0x000000000000e44c        0x4 contiki-z1.a(sicslowpan.o)
                0x000000000000e44c                unc_ctxconf
 .rodata.unc_llconf
                0x000000000000e450        0x4 contiki-z1.a(sicslowpan.o)
                0x000000000000e450                unc_llconf
 .rodata.ttl_values
                0x000000000000e454        0x4 contiki-z1.a(sicslowpan.o)
 .rodata        0x000000000000e458        0xd contiki-z1.a(tcpip.o)
 .rodata.uip_debug_ipaddr_print
                0x000000000000e465       0x28 contiki-z1.a(uip-debug.o)
 *fill*         0x000000000000e48d        0x1 00
 .rodata.linkaddr_null
                0x000000000000e48e        0x8 contiki-z1.a(linkaddr.o)
                0x000000000000e48e                linkaddr_null
 .rodata.framer_802154
                0x000000000000e496        0xc contiki-z1.a(framer-802154.o)